MPLINK 4.40, Linker
Linker Map File - Created Wed May 16 09:06:02 2018

                                 Section Info
                  Section       Type    Address   Location Size(Bytes)
                ---------  ---------  ---------  ---------  ---------
               _entry_scn       code   0x000000    program   0x000006
  _RESET_INTERRUPT_VECTOR       code   0x001000    program   0x000006
   _HIGH_INTERRUPT_VECTOR       code   0x001008    program   0x000006
    _LOW_INTERRUPT_VECTOR       code   0x001018    program   0x000002
                   .cinit    romdata   0x00102a    program   0x00000e
.code_Pratica1_RTOS_semaforo_display_JJR.o       code   0x001038    program   0x001570
              .code_osa.o       code   0x0025a8    program   0x000214
                     PROG       code   0x0027bc    program   0x00014a
               _cinit_scn       code   0x002906    program   0x00009e
         .code_fxd3232u.o       code   0x0029a4    program   0x000048
         .code_fxd1616u.o       code   0x0029ec    program   0x00002c
              D1KTCYXCODE       code   0x002a18    program   0x000020
                    .code       code   0x002a38    program   0x000020
             _startup_scn       code   0x002a58    program   0x00001c
         .code_fxd0808u.o       code   0x002a74    program   0x00001c
           .code___init.o       code   0x002a90    program   0x000002
         .idata_c018i.o_i    romdata   0x002a92    program   0x000000
        .romdata___init.o    romdata   0x002a92    program   0x000000
        .idata___init.o_i    romdata   0x002a92    program   0x000000
         .romdata_c018i.o    romdata   0x002a92    program   0x000000
      .romdata_fxd3232u.o    romdata   0x002a92    program   0x000000
      .idata_fxd3232u.o_i    romdata   0x002a92    program   0x000000
      .romdata_fxd1616u.o    romdata   0x002a92    program   0x000000
      .idata_fxd1616u.o_i    romdata   0x002a92    program   0x000000
      .romdata_fxd0808u.o    romdata   0x002a92    program   0x000000
      .idata_fxd0808u.o_i    romdata   0x002a92    program   0x000000
           .idata_osa.o_i    romdata   0x002a92    program   0x000000
           .romdata_osa.o    romdata   0x002a92    program   0x000000
.idata_Pratica1_RTOS_semaforo_display_JJR.o_i    romdata   0x002a92    program   0x00001b
.romdata_Pratica1_RTOS_semaforo_display_JJR.o    romdata   0x002a92    program   0x000000
            .code_c018i.o       code   0x002aae    program   0x000000
                 os_bsems      udata   0x000000       data   0x00001d
                MATH_DATA      udata   0x00001d       data   0x000014
                 .tmpdata      udata   0x000031       data   0x000010
                   ACCESS      udata   0x000041       data   0x000005
                DELAYDAT1      udata   0x000046       data   0x000001
.idata_Pratica1_RTOS_semaforo_display_JJR.o      idata   0x000060       data   0x00001b
.udata_Pratica1_RTOS_semaforo_display_JJR.o      udata   0x00007b       data   0x00000c
           .udata_c018i.o      udata   0x000087       data   0x00000a
          .idata___init.o      idata   0x000091       data   0x000000
          .udata___init.o      udata   0x000091       data   0x000000
        .idata_fxd3232u.o      idata   0x000091       data   0x000000
        .udata_fxd3232u.o      udata   0x000091       data   0x000000
        .idata_fxd1616u.o      idata   0x000091       data   0x000000
        .udata_fxd1616u.o      udata   0x000091       data   0x000000
        .idata_fxd0808u.o      idata   0x000091       data   0x000000
        .udata_fxd0808u.o      udata   0x000091       data   0x000000
             .idata_osa.o      idata   0x000091       data   0x000000
             .udata_osa.o      udata   0x000091       data   0x000000
           .idata_c018i.o      idata   0x000091       data   0x000000
                   .stack      udata   0x000300       data   0x000100
            SFR_UNBANKED0      udata   0x000f62       data   0x00009e



                              Program Memory Usage 
                               Start         End      
                           ---------   ---------      
                            0x000000    0x000005      
                            0x001000    0x001005      
                            0x001008    0x00100d      
                            0x001018    0x001019      
                            0x00102a    0x002aac      
            6807 out of 33048 program addresses used, program memory utilization is 20%



                              Symbols - Sorted by Name
                     Name    Address   Location    Storage File                     
                ---------  ---------  ---------  --------- ---------                
                   D1616S   0x0027de    program     static C:\MCC18\v3_39\src\traditional\math\fxd1616s.asm
                D1616SNEG   0x0027ec    program     static C:\MCC18\v3_39\src\traditional\math\fxd1616s.asm
                 D1616SOK   0x0027e8    program     static C:\MCC18\v3_39\src\traditional\math\fxd1616s.asm
                  D1616SX   0x0027fe    program     static C:\MCC18\v3_39\src\traditional\math\fxd1616s.asm
                    D1K_1   0x002a24    program     static C:\MCC18\v3_39\src\traditional\delays\d1ktcyx.asm
                     D1Kx   0x002a22    program     static C:\MCC18\v3_39\src\traditional\delays\d1ktcyx.asm
                   D3232S   0x002838    program     static C:\MCC18\v3_39\src\traditional\math\fxd3232s.asm
                D3232SNEG   0x002846    program     static C:\MCC18\v3_39\src\traditional\math\fxd3232s.asm
                 D3232SOK   0x002842    program     static C:\MCC18\v3_39\src\traditional\math\fxd3232s.asm
                  D3232SX   0x002866    program     static C:\MCC18\v3_39\src\traditional\math\fxd3232s.asm
                  DA1616S   0x0027ce    program     static C:\MCC18\v3_39\src\traditional\math\fxd1616s.asm
                  DA3232S   0x002822    program     static C:\MCC18\v3_39\src\traditional\math\fxd3232s.asm
              Delay1KTCYx   0x002a18    program     extern C:\MCC18\v3_39\src\traditional\delays\d1ktcyx.asm
             Display7Segm   0x0020de    program     extern /home/joaojr/joao.junior7cc@gmail.com/Faculdade/IFCE/S8/Sistemas Embarcados/Workspace/Prat01/RTOSB/RTOS1.X/Pratica1_RTOS_semaforo_display_JJR.c
                 FXD0808U   0x002a74    program     extern C:\MCC18\v3_39\src\traditional\math\fxd0808u.c
                 FXD1616S   0x0027bc    program     extern C:\MCC18\v3_39\src\traditional\math\fxd1616s.asm
                 FXD1616U   0x0029ec    program     extern C:\MCC18\v3_39\src\traditional\math\fxd1616u.c
                 FXD3232S   0x002808    program     extern C:\MCC18\v3_39\src\traditional\math\fxd3232s.asm
                 FXD3232U   0x0029a4    program     extern C:\MCC18\v3_39\src\traditional\math\fxd3232u.c
                 FXM1616S   0x002870    program     extern C:\MCC18\v3_39\src\traditional\math\fxm1616s.asm
                 FXM1616U   0x0028ca    program     extern C:\MCC18\v3_39\src\traditional\math\fxm1616u.asm
                    OS_DI   0x002684    program     extern /home/joaojr/joao.junior7cc@gmail.com/Faculdade/IFCE/S8/Sistemas Embarcados/Workspace/Prat01/RTOSB/RTOS1.X/osa/port/pic18/osa_pic18_mplabc.c
                  OS_Init   0x0026ca    program     extern /home/joaojr/joao.junior7cc@gmail.com/Faculdade/IFCE/S8/Sistemas Embarcados/Workspace/Prat01/RTOSB/RTOS1.X/osa/kernel/system/osa_system.c
                 OS_Timer   0x0026ee    program     extern /home/joaojr/joao.junior7cc@gmail.com/Faculdade/IFCE/S8/Sistemas Embarcados/Workspace/Prat01/RTOSB/RTOS1.X/osa/kernel/system/osa_system.c
                 PIC_Init   0x001fae    program     extern /home/joaojr/joao.junior7cc@gmail.com/Faculdade/IFCE/S8/Sistemas Embarcados/Workspace/Prat01/RTOSB/RTOS1.X/Pratica1_RTOS_semaforo_display_JJR.c
           Semaforo_Carro   0x001fca    program     extern /home/joaojr/joao.junior7cc@gmail.com/Faculdade/IFCE/S8/Sistemas Embarcados/Workspace/Prat01/RTOSB/RTOS1.X/Pratica1_RTOS_semaforo_display_JJR.c
                 SetaPWM1   0x001e6c    program     extern /home/joaojr/joao.junior7cc@gmail.com/Faculdade/IFCE/S8/Sistemas Embarcados/Workspace/Prat01/RTOSB/RTOS1.X/SanUSB48.h
                 SetaPWM2   0x001ec4    program     extern /home/joaojr/joao.junior7cc@gmail.com/Faculdade/IFCE/S8/Sistemas Embarcados/Workspace/Prat01/RTOSB/RTOS1.X/SanUSB48.h
               TSIGN1616A   0x0028bc    program     static C:\MCC18\v3_39\src\traditional\math\fxm1616s.asm
           Verifica_Botao   0x0020aa    program     extern /home/joaojr/joao.junior7cc@gmail.com/Faculdade/IFCE/S8/Sistemas Embarcados/Workspace/Prat01/RTOSB/RTOS1.X/Pratica1_RTOS_semaforo_display_JJR.c
        _D1KTCYXCODE_0010   0x002a28    program     static C:\MCC18\v3_39\src\traditional\delays\d1ktcyx.asm
        _D1KTCYXCODE_0016   0x002a2e    program     static C:\MCC18\v3_39\src\traditional\delays\d1ktcyx.asm
           _OS_CheckEvent   0x00269e    program     extern /home/joaojr/joao.junior7cc@gmail.com/Faculdade/IFCE/S8/Sistemas Embarcados/Workspace/Prat01/RTOSB/RTOS1.X/osa/port/pic18/osa_pic18_mplabc.c
_OS_ClrReadySetClrCanContinue   0x0025f6    program     extern /home/joaojr/joao.junior7cc@gmail.com/Faculdade/IFCE/S8/Sistemas Embarcados/Workspace/Prat01/RTOSB/RTOS1.X/osa/port/pic18/osa_pic18_mplabc.c
        _OS_EnterWaitMode   0x0025e6    program     extern /home/joaojr/joao.junior7cc@gmail.com/Faculdade/IFCE/S8/Sistemas Embarcados/Workspace/Prat01/RTOSB/RTOS1.X/osa/port/pic18/osa_pic18_mplabc.c
      _OS_EnterWaitModeTO   0x0025ee    program     extern /home/joaojr/joao.junior7cc@gmail.com/Faculdade/IFCE/S8/Sistemas Embarcados/Workspace/Prat01/RTOSB/RTOS1.X/osa/port/pic18/osa_pic18_mplabc.c
            _OS_InitDelay   0x002626    program     extern /home/joaojr/joao.junior7cc@gmail.com/Faculdade/IFCE/S8/Sistemas Embarcados/Workspace/Prat01/RTOSB/RTOS1.X/osa/port/pic18/osa_pic18_mplabc.c
           _OS_JumpToTask   0x0025a8    program     extern /home/joaojr/joao.junior7cc@gmail.com/Faculdade/IFCE/S8/Sistemas Embarcados/Workspace/Prat01/RTOSB/RTOS1.X/osa/port/pic18/osa_pic18_mplabc.c
                   _OS_RI   0x002690    program     extern /home/joaojr/joao.junior7cc@gmail.com/Faculdade/IFCE/S8/Sistemas Embarcados/Workspace/Prat01/RTOSB/RTOS1.X/osa/port/pic18/osa_pic18_mplabc.c
         _OS_ReturnNoSave   0x0025e2    program     extern /home/joaojr/joao.junior7cc@gmail.com/Faculdade/IFCE/S8/Sistemas Embarcados/Workspace/Prat01/RTOSB/RTOS1.X/osa/port/pic18/osa_pic18_mplabc.c
           _OS_ReturnSave   0x0025ca    program     extern /home/joaojr/joao.junior7cc@gmail.com/Faculdade/IFCE/S8/Sistemas Embarcados/Workspace/Prat01/RTOSB/RTOS1.X/osa/port/pic18/osa_pic18_mplabc.c
     _OS_SET_FSR_CUR_TASK   0x002616    program     extern /home/joaojr/joao.junior7cc@gmail.com/Faculdade/IFCE/S8/Sistemas Embarcados/Workspace/Prat01/RTOSB/RTOS1.X/osa/port/pic18/osa_pic18_mplabc.c
          _OS_Task_Create   0x00271a    program     extern /home/joaojr/joao.junior7cc@gmail.com/Faculdade/IFCE/S8/Sistemas Embarcados/Workspace/Prat01/RTOSB/RTOS1.X/osa/kernel/system/osa_tasks.c
                 _RI_EXIT   0x00269c    program     static                          
  __OS_SET_FSR_CUR_TASK_W   0x00261e    program     extern /home/joaojr/joao.junior7cc@gmail.com/Faculdade/IFCE/S8/Sistemas Embarcados/Workspace/Prat01/RTOSB/RTOS1.X/osa/port/pic18/osa_pic18_mplabc.c
         ___else_lbl00019   0x0026b2    program     static                          
          ___for_lbl00114   0x00185c    program     static                          
          ___for_lbl00115   0x001866    program     static                          
          ___for_lbl00116   0x00182a    program     static                          
          ___for_lbl00244   0x00224c    program     static                          
          ___for_lbl00245   0x002256    program     static                          
          ___for_lbl00246   0x002242    program     static                          
          ___for_lbl00247   0x00224c    program     static                          
          ___for_lbl00248   0x00215a    program     static                          
          ___for_lbl00249   0x00214a    program     static                          
           ___if_lbl00001   0x0025b8    program     static                          
           ___if_lbl00017   0x0026ae    program     static                          
           ___if_lbl00018   0x0026b4    program     static                          
           ___if_lbl00021   0x0026c6    program     static                          
           ___if_lbl00235   0x002092    program     static                          
           ___if_lbl00239   0x0020c6    program     static                          
           ___if_lbl00250   0x00228a    program     static                          
       ___return_lbl00000   0x000004    program     static                          
       ___return_lbl00000   0x0029ea    program     static                          
       ___return_lbl00000   0x0025c8    program     static                          
       ___return_lbl00000   0x001004    program     static                          
       ___return_lbl00000   0x002a16    program     static                          
       ___return_lbl00000   0x002a8e    program     static                          
       ___return_lbl00001   0x00100c    program     static                          
       ___return_lbl00001   0x002a72    program     static                          
       ___return_lbl00002   0x0025e0    program     static                          
       ___return_lbl00002   0x0029a2    program     static                          
       ___return_lbl00003   0x0025e4    program     static                          
       ___return_lbl00004   0x0025ec    program     static                          
       ___return_lbl00005   0x0025f4    program     static                          
       ___return_lbl00009   0x00261c    program     static                          
       ___return_lbl00010   0x002624    program     static                          
       ___return_lbl00014   0x00268e    program     static                          
       ___return_lbl00015   0x00269c    program     static                          
       ___return_lbl00016   0x0026c8    program     static                          
       ___return_lbl00021   0x00110a    program     static                          
       ___return_lbl00025   0x002718    program     static                          
       ___return_lbl00113   0x001866    program     static                          
       ___return_lbl00232   0x0020a8    program     static                          
       ___return_lbl00236   0x0020dc    program     static                          
       ___return_lbl00240   0x0022a0    program     static                          
        ___while_lbl00233   0x001fca    program     static                          
        ___while_lbl00234   0x0020a8    program     static                          
        ___while_lbl00237   0x0020aa    program     static                          
        ___while_lbl00238   0x0020dc    program     static                          
        ___while_lbl00241   0x0020de    program     static                          
        ___while_lbl00242   0x0022a0    program     static                          
                   __init   0x002a90    program     extern C:\MCC18\v3_39\src\traditional\stdclib\__init.c
                   __pa_0   0x002392    program     static /home/joaojr/joao.junior7cc@gmail.com/Faculdade/IFCE/S8/Sistemas Embarcados/Workspace/Prat01/RTOSB/RTOS1.X/SanUSB48.h
                   __pa_0   0x0027a4    program     static /home/joaojr/joao.junior7cc@gmail.com/Faculdade/IFCE/S8/Sistemas Embarcados/Workspace/Prat01/RTOSB/RTOS1.X/osa/kernel/system/osa_tasks.c
                   __pa_1   0x00241a    program     static /home/joaojr/joao.junior7cc@gmail.com/Faculdade/IFCE/S8/Sistemas Embarcados/Workspace/Prat01/RTOSB/RTOS1.X/SanUSB48.h
                   __pa_1   0x0027ae    program     static /home/joaojr/joao.junior7cc@gmail.com/Faculdade/IFCE/S8/Sistemas Embarcados/Workspace/Prat01/RTOSB/RTOS1.X/osa/port/pic18/osa_pic18_mplabc.c
                  __pa_10   0x0024da    program     static /home/joaojr/joao.junior7cc@gmail.com/Faculdade/IFCE/S8/Sistemas Embarcados/Workspace/Prat01/RTOSB/RTOS1.X/SanUSB48.h
                  __pa_11   0x0024e8    program     static /home/joaojr/joao.junior7cc@gmail.com/Faculdade/IFCE/S8/Sistemas Embarcados/Workspace/Prat01/RTOSB/RTOS1.X/Pratica1_RTOS_semaforo_display_JJR.c
                  __pa_12   0x0024f6    program     static /home/joaojr/joao.junior7cc@gmail.com/Faculdade/IFCE/S8/Sistemas Embarcados/Workspace/Prat01/RTOSB/RTOS1.X/SanUSB48.h
                  __pa_13   0x002506    program     static /home/joaojr/joao.junior7cc@gmail.com/Faculdade/IFCE/S8/Sistemas Embarcados/Workspace/Prat01/RTOSB/RTOS1.X/SanUSB48.h
                  __pa_14   0x002514    program     static /home/joaojr/joao.junior7cc@gmail.com/Faculdade/IFCE/S8/Sistemas Embarcados/Workspace/Prat01/RTOSB/RTOS1.X/SanUSB48.h
                  __pa_15   0x00251e    program     static /home/joaojr/joao.junior7cc@gmail.com/Faculdade/IFCE/S8/Sistemas Embarcados/Workspace/Prat01/RTOSB/RTOS1.X/SanUSB48.h
                  __pa_16   0x002542    program     static /home/joaojr/joao.junior7cc@gmail.com/Faculdade/IFCE/S8/Sistemas Embarcados/Workspace/Prat01/RTOSB/RTOS1.X/SanUSB48.h
                  __pa_17   0x00255e    program     static /home/joaojr/joao.junior7cc@gmail.com/Faculdade/IFCE/S8/Sistemas Embarcados/Workspace/Prat01/RTOSB/RTOS1.X/SanUSB48.h
                  __pa_18   0x00256c    program     static /home/joaojr/joao.junior7cc@gmail.com/Faculdade/IFCE/S8/Sistemas Embarcados/Workspace/Prat01/RTOSB/RTOS1.X/SanUSB48.h
                  __pa_19   0x00257e    program     static /home/joaojr/joao.junior7cc@gmail.com/Faculdade/IFCE/S8/Sistemas Embarcados/Workspace/Prat01/RTOSB/RTOS1.X/SanUSB48.h
                   __pa_2   0x002438    program     static /home/joaojr/joao.junior7cc@gmail.com/Faculdade/IFCE/S8/Sistemas Embarcados/Workspace/Prat01/RTOSB/RTOS1.X/SanUSB48.h
                  __pa_20   0x002584    program     static /home/joaojr/joao.junior7cc@gmail.com/Faculdade/IFCE/S8/Sistemas Embarcados/Workspace/Prat01/RTOSB/RTOS1.X/SanUSB48.h
                  __pa_21   0x00258c    program     static /home/joaojr/joao.junior7cc@gmail.com/Faculdade/IFCE/S8/Sistemas Embarcados/Workspace/Prat01/RTOSB/RTOS1.X/SanUSB48.h
                  __pa_22   0x002594    program     static /home/joaojr/joao.junior7cc@gmail.com/Faculdade/IFCE/S8/Sistemas Embarcados/Workspace/Prat01/RTOSB/RTOS1.X/SanUSB48.h
                  __pa_23   0x00259e    program     static /home/joaojr/joao.junior7cc@gmail.com/Faculdade/IFCE/S8/Sistemas Embarcados/Workspace/Prat01/RTOSB/RTOS1.X/SanUSB48.h
                   __pa_3   0x002442    program     static /home/joaojr/joao.junior7cc@gmail.com/Faculdade/IFCE/S8/Sistemas Embarcados/Workspace/Prat01/RTOSB/RTOS1.X/SanUSB48.h
                   __pa_4   0x00244a    program     static /home/joaojr/joao.junior7cc@gmail.com/Faculdade/IFCE/S8/Sistemas Embarcados/Workspace/Prat01/RTOSB/RTOS1.X/SanUSB48.h
                   __pa_5   0x002466    program     static /home/joaojr/joao.junior7cc@gmail.com/Faculdade/IFCE/S8/Sistemas Embarcados/Workspace/Prat01/RTOSB/RTOS1.X/SanUSB48.h
                   __pa_6   0x002492    program     static /home/joaojr/joao.junior7cc@gmail.com/Faculdade/IFCE/S8/Sistemas Embarcados/Workspace/Prat01/RTOSB/RTOS1.X/SanUSB48.h
                   __pa_7   0x0024b2    program     static /home/joaojr/joao.junior7cc@gmail.com/Faculdade/IFCE/S8/Sistemas Embarcados/Workspace/Prat01/RTOSB/RTOS1.X/SanUSB48.h
                   __pa_8   0x0024c0    program     static /home/joaojr/joao.junior7cc@gmail.com/Faculdade/IFCE/S8/Sistemas Embarcados/Workspace/Prat01/RTOSB/RTOS1.X/SanUSB48.h
                   __pa_9   0x0024ce    program     static /home/joaojr/joao.junior7cc@gmail.com/Faculdade/IFCE/S8/Sistemas Embarcados/Workspace/Prat01/RTOSB/RTOS1.X/SanUSB48.h
               __tmplbl_0   0x0026c0    program     static                          
               __tmplbl_1   0x0026ba    program     static                          
             __tmplbl_108   0x0020f4    program     static                          
             __tmplbl_109   0x0020ec    program     static                          
             __tmplbl_116   0x002442    program     static                          
             __tmplbl_125   0x002442    program     static                          
             __tmplbl_134   0x002442    program     static                          
             __tmplbl_141   0x002442    program     static                          
             __tmplbl_173   0x002442    program     static                          
             __tmplbl_174   0x002442    program     static                          
             __tmplbl_175   0x002442    program     static                          
             __tmplbl_177   0x002442    program     static                          
             __tmplbl_179   0x002442    program     static                          
             __tmplbl_181   0x002442    program     static                          
             __tmplbl_182   0x002442    program     static                          
             __tmplbl_184   0x002442    program     static                          
             __tmplbl_186   0x002442    program     static                          
             __tmplbl_187   0x002442    program     static                          
             __tmplbl_194   0x002166    program     static                          
            __zero_memory   0x002a38    program     extern C:\MCC18\v3_39\src\traditional\proc\p18F4550.asm
                _do_cinit   0x002906    program     extern C:\MCC18\v3_39\src\traditional\startup\c018i.c
                   _entry   0x000000    program     extern C:\MCC18\v3_39\src\traditional\startup\c018i.c
                   _false   0x0029e6    program     static                          
                _high_ISR   0x001008    program     extern /home/joaojr/joao.junior7cc@gmail.com/Faculdade/IFCE/S8/Sistemas Embarcados/Workspace/Prat01/RTOSB/RTOS1.X/SanUSB48.h
                 _low_ISR   0x001018    program     extern /home/joaojr/joao.junior7cc@gmail.com/Faculdade/IFCE/S8/Sistemas Embarcados/Workspace/Prat01/RTOSB/RTOS1.X/SanUSB48.h
                   _reset   0x001000    program     extern /home/joaojr/joao.junior7cc@gmail.com/Faculdade/IFCE/S8/Sistemas Embarcados/Workspace/Prat01/RTOSB/RTOS1.X/SanUSB48.h
                 _startup   0x002a58    program     extern C:\MCC18\v3_39\src\traditional\startup\c018i.c
          clock_int_48MHz   0x001be2    program     extern /home/joaojr/joao.junior7cc@gmail.com/Faculdade/IFCE/S8/Sistemas Embarcados/Workspace/Prat01/RTOSB/RTOS1.X/SanUSB48.h
                compare_l   0x002a4e    program     static C:\MCC18\v3_39\src\traditional\proc\p18F4550.asm
                copy_loop   0x002978    program     static                          
            copy_one_byte   0x00297e    program     static                          
                     done   0x0029a2    program     static                          
             done_copying   0x00298c    program     static                          
                  endloop   0x002a8a    program     static                          
                  endloop   0x002a12    program     static                          
           escreve_eeprom   0x001ba6    program     extern /home/joaojr/joao.junior7cc@gmail.com/Faculdade/IFCE/S8/Sistemas Embarcados/Workspace/Prat01/RTOSB/RTOS1.X/SanUSB48.h
        habilita_canal_AD   0x0018c2    program     extern /home/joaojr/joao.junior7cc@gmail.com/Faculdade/IFCE/S8/Sistemas Embarcados/Workspace/Prat01/RTOSB/RTOS1.X/SanUSB48.h
     habilita_interrupcao   0x001038    program     extern /home/joaojr/joao.junior7cc@gmail.com/Faculdade/IFCE/S8/Sistemas Embarcados/Workspace/Prat01/RTOSB/RTOS1.X/SanUSB48.h
             habilita_wdt   0x001104    program     extern /home/joaojr/joao.junior7cc@gmail.com/Faculdade/IFCE/S8/Sistemas Embarcados/Workspace/Prat01/RTOSB/RTOS1.X/SanUSB48.h
              interrupcao   0x001f0a    program     extern /home/joaojr/joao.junior7cc@gmail.com/Faculdade/IFCE/S8/Sistemas Embarcados/Workspace/Prat01/RTOSB/RTOS1.X/Pratica1_RTOS_semaforo_display_JJR.c
            inverte_saida   0x00144c    program     extern /home/joaojr/joao.junior7cc@gmail.com/Faculdade/IFCE/S8/Sistemas Embarcados/Workspace/Prat01/RTOSB/RTOS1.X/SanUSB48.h
              le_AD10bits   0x001944    program     extern /home/joaojr/joao.junior7cc@gmail.com/Faculdade/IFCE/S8/Sistemas Embarcados/Workspace/Prat01/RTOSB/RTOS1.X/SanUSB48.h
               le_AD8bits   0x0018d6    program     extern /home/joaojr/joao.junior7cc@gmail.com/Faculdade/IFCE/S8/Sistemas Embarcados/Workspace/Prat01/RTOSB/RTOS1.X/SanUSB48.h
                le_eeprom   0x001bce    program     extern /home/joaojr/joao.junior7cc@gmail.com/Faculdade/IFCE/S8/Sistemas Embarcados/Workspace/Prat01/RTOSB/RTOS1.X/SanUSB48.h
            limpaflag_wdt   0x001108    program     extern /home/joaojr/joao.junior7cc@gmail.com/Faculdade/IFCE/S8/Sistemas Embarcados/Workspace/Prat01/RTOSB/RTOS1.X/SanUSB48.h
                     loop   0x0029f6    program     static                          
                     loop   0x002a7c    program     static                          
                     loop   0x002a68    program     static                          
                     loop   0x0029b2    program     static                          
                   loop_h   0x002a46    program     static C:\MCC18\v3_39\src\traditional\proc\p18F4550.asm
                   loop_l   0x002a50    program     static C:\MCC18\v3_39\src\traditional\proc\p18F4550.asm
                     main   0x0022a2    program     extern /home/joaojr/joao.junior7cc@gmail.com/Faculdade/IFCE/S8/Sistemas Embarcados/Workspace/Prat01/RTOSB/RTOS1.X/Pratica1_RTOS_semaforo_display_JJR.c
   multiplica_timer16bits   0x0019b0    program     extern /home/joaojr/joao.junior7cc@gmail.com/Faculdade/IFCE/S8/Sistemas Embarcados/Workspace/Prat01/RTOSB/RTOS1.X/SanUSB48.h
               nivel_alto   0x00110c    program     extern /home/joaojr/joao.junior7cc@gmail.com/Faculdade/IFCE/S8/Sistemas Embarcados/Workspace/Prat01/RTOSB/RTOS1.X/SanUSB48.h
              nivel_baixo   0x0012ac    program     extern /home/joaojr/joao.junior7cc@gmail.com/Faculdade/IFCE/S8/Sistemas Embarcados/Workspace/Prat01/RTOSB/RTOS1.X/SanUSB48.h
           portaA_entrada   0x0010f8    program     extern /home/joaojr/joao.junior7cc@gmail.com/Faculdade/IFCE/S8/Sistemas Embarcados/Workspace/Prat01/RTOSB/RTOS1.X/SanUSB48.h
             portaA_saida   0x0010e6    program     extern /home/joaojr/joao.junior7cc@gmail.com/Faculdade/IFCE/S8/Sistemas Embarcados/Workspace/Prat01/RTOSB/RTOS1.X/SanUSB48.h
           portaB_entrada   0x0010fc    program     extern /home/joaojr/joao.junior7cc@gmail.com/Faculdade/IFCE/S8/Sistemas Embarcados/Workspace/Prat01/RTOSB/RTOS1.X/SanUSB48.h
             portaB_saida   0x0010ec    program     extern /home/joaojr/joao.junior7cc@gmail.com/Faculdade/IFCE/S8/Sistemas Embarcados/Workspace/Prat01/RTOSB/RTOS1.X/SanUSB48.h
           portaC_entrada   0x001100    program     extern /home/joaojr/joao.junior7cc@gmail.com/Faculdade/IFCE/S8/Sistemas Embarcados/Workspace/Prat01/RTOSB/RTOS1.X/SanUSB48.h
             portaC_saida   0x0010f2    program     extern /home/joaojr/joao.junior7cc@gmail.com/Faculdade/IFCE/S8/Sistemas Embarcados/Workspace/Prat01/RTOSB/RTOS1.X/SanUSB48.h
               saida_pino   0x0015c4    program     extern /home/joaojr/joao.junior7cc@gmail.com/Faculdade/IFCE/S8/Sistemas Embarcados/Workspace/Prat01/RTOSB/RTOS1.X/SanUSB48.h
                  sendnum   0x001db6    program     extern /home/joaojr/joao.junior7cc@gmail.com/Faculdade/IFCE/S8/Sistemas Embarcados/Workspace/Prat01/RTOSB/RTOS1.X/SanUSB48.h
                    sendr   0x001d4e    program     extern /home/joaojr/joao.junior7cc@gmail.com/Faculdade/IFCE/S8/Sistemas Embarcados/Workspace/Prat01/RTOSB/RTOS1.X/SanUSB48.h
                   sendrw   0x001d18    program     extern /home/joaojr/joao.junior7cc@gmail.com/Faculdade/IFCE/S8/Sistemas Embarcados/Workspace/Prat01/RTOSB/RTOS1.X/SanUSB48.h
                    sends   0x001d9c    program     extern /home/joaojr/joao.junior7cc@gmail.com/Faculdade/IFCE/S8/Sistemas Embarcados/Workspace/Prat01/RTOSB/RTOS1.X/SanUSB48.h
                   sendsw   0x001d84    program     extern /home/joaojr/joao.junior7cc@gmail.com/Faculdade/IFCE/S8/Sistemas Embarcados/Workspace/Prat01/RTOSB/RTOS1.X/SanUSB48.h
              serial_putc   0x001cd0    program     extern /home/joaojr/joao.junior7cc@gmail.com/Faculdade/IFCE/S8/Sistemas Embarcados/Workspace/Prat01/RTOSB/RTOS1.X/SanUSB48.h
                    sputc   0x001cec    program     extern /home/joaojr/joao.junior7cc@gmail.com/Faculdade/IFCE/S8/Sistemas Embarcados/Workspace/Prat01/RTOSB/RTOS1.X/SanUSB48.h
                   swputc   0x001cde    program     extern /home/joaojr/joao.junior7cc@gmail.com/Faculdade/IFCE/S8/Sistemas Embarcados/Workspace/Prat01/RTOSB/RTOS1.X/SanUSB48.h
              taxa_serial   0x001c2a    program     extern /home/joaojr/joao.junior7cc@gmail.com/Faculdade/IFCE/S8/Sistemas Embarcados/Workspace/Prat01/RTOSB/RTOS1.X/SanUSB48.h
                 tempo_ms   0x00187a    program     extern /home/joaojr/joao.junior7cc@gmail.com/Faculdade/IFCE/S8/Sistemas Embarcados/Workspace/Prat01/RTOSB/RTOS1.X/SanUSB48.h
        tempo_timer16bits   0x001ab6    program     extern /home/joaojr/joao.junior7cc@gmail.com/Faculdade/IFCE/S8/Sistemas Embarcados/Workspace/Prat01/RTOSB/RTOS1.X/SanUSB48.h
                 tempo_us   0x00181a    program     extern /home/joaojr/joao.junior7cc@gmail.com/Faculdade/IFCE/S8/Sistemas Embarcados/Workspace/Prat01/RTOSB/RTOS1.X/SanUSB48.h
                     test   0x002920    program     static                          
                timer0_ms   0x001b6c    program     extern /home/joaojr/joao.junior7cc@gmail.com/Faculdade/IFCE/S8/Sistemas Embarcados/Workspace/Prat01/RTOSB/RTOS1.X/SanUSB48.h
               zero_block   0x002a46    program     static C:\MCC18\v3_39\src\traditional\proc\p18F4550.asm
                   ADCON0   0x000fc2       data     extern C:\MCC18\v3_39\src\traditional\proc\p18F4550.asm
               ADCON0bits   0x000fc2       data     extern C:\MCC18\v3_39\src\traditional\proc\p18F4550.asm
                   ADCON1   0x000fc1       data     extern C:\MCC18\v3_39\src\traditional\proc\p18F4550.asm
               ADCON1bits   0x000fc1       data     extern C:\MCC18\v3_39\src\traditional\proc\p18F4550.asm
                   ADCON2   0x000fc0       data     extern C:\MCC18\v3_39\src\traditional\proc\p18F4550.asm
               ADCON2bits   0x000fc0       data     extern C:\MCC18\v3_39\src\traditional\proc\p18F4550.asm
                    ADRES   0x000fc3       data     extern C:\MCC18\v3_39\src\traditional\proc\p18F4550.asm
                   ADRESH   0x000fc4       data     extern C:\MCC18\v3_39\src\traditional\proc\p18F4550.asm
                   ADRESL   0x000fc3       data     extern C:\MCC18\v3_39\src\traditional\proc\p18F4550.asm
                  BAUDCON   0x000fb8       data     extern C:\MCC18\v3_39\src\traditional\proc\p18F4550.asm
              BAUDCONbits   0x000fb8       data     extern C:\MCC18\v3_39\src\traditional\proc\p18F4550.asm
                  BAUDCTL   0x000fb8       data     extern C:\MCC18\v3_39\src\traditional\proc\p18F4550.asm
              BAUDCTLbits   0x000fb8       data     extern C:\MCC18\v3_39\src\traditional\proc\p18F4550.asm
                      BSR   0x000fe0       data     extern C:\MCC18\v3_39\src\traditional\proc\p18F4550.asm
                  ByteROM   0x00007d       data     static /home/joaojr/joao.junior7cc@gmail.com/Faculdade/IFCE/S8/Sistemas Embarcados/Workspace/Prat01/RTOSB/RTOS1.X/SanUSB48.h
                  ByteROM   0x00007b       data     static /home/joaojr/joao.junior7cc@gmail.com/Faculdade/IFCE/S8/Sistemas Embarcados/Workspace/Prat01/RTOSB/RTOS1.X/SanUSB48.h
                   CCP1AS   0x000fb6       data     extern C:\MCC18\v3_39\src\traditional\proc\p18F4550.asm
               CCP1ASbits   0x000fb6       data     extern C:\MCC18\v3_39\src\traditional\proc\p18F4550.asm
                  CCP1CON   0x000fbd       data     extern C:\MCC18\v3_39\src\traditional\proc\p18F4550.asm
              CCP1CONbits   0x000fbd       data     extern C:\MCC18\v3_39\src\traditional\proc\p18F4550.asm
                  CCP1DEL   0x000fb7       data     extern C:\MCC18\v3_39\src\traditional\proc\p18F4550.asm
              CCP1DELbits   0x000fb7       data     extern C:\MCC18\v3_39\src\traditional\proc\p18F4550.asm
                  CCP2CON   0x000fba       data     extern C:\MCC18\v3_39\src\traditional\proc\p18F4550.asm
              CCP2CONbits   0x000fba       data     extern C:\MCC18\v3_39\src\traditional\proc\p18F4550.asm
                    CCPR1   0x000fbe       data     extern C:\MCC18\v3_39\src\traditional\proc\p18F4550.asm
                   CCPR1H   0x000fbf       data     extern C:\MCC18\v3_39\src\traditional\proc\p18F4550.asm
                   CCPR1L   0x000fbe       data     extern C:\MCC18\v3_39\src\traditional\proc\p18F4550.asm
                    CCPR2   0x000fbb       data     extern C:\MCC18\v3_39\src\traditional\proc\p18F4550.asm
                   CCPR2H   0x000fbc       data     extern C:\MCC18\v3_39\src\traditional\proc\p18F4550.asm
                   CCPR2L   0x000fbb       data     extern C:\MCC18\v3_39\src\traditional\proc\p18F4550.asm
                    CMCON   0x000fb4       data     extern C:\MCC18\v3_39\src\traditional\proc\p18F4550.asm
                CMCONbits   0x000fb4       data     extern C:\MCC18\v3_39\src\traditional\proc\p18F4550.asm
                   CVRCON   0x000fb5       data     extern C:\MCC18\v3_39\src\traditional\proc\p18F4550.asm
               CVRCONbits   0x000fb5       data     extern C:\MCC18\v3_39\src\traditional\proc\p18F4550.asm
                     DDRA   0x000f92       data     extern C:\MCC18\v3_39\src\traditional\proc\p18F4550.asm
                 DDRAbits   0x000f92       data     extern C:\MCC18\v3_39\src\traditional\proc\p18F4550.asm
                     DDRB   0x000f93       data     extern C:\MCC18\v3_39\src\traditional\proc\p18F4550.asm
                 DDRBbits   0x000f93       data     extern C:\MCC18\v3_39\src\traditional\proc\p18F4550.asm
                     DDRC   0x000f94       data     extern C:\MCC18\v3_39\src\traditional\proc\p18F4550.asm
                 DDRCbits   0x000f94       data     extern C:\MCC18\v3_39\src\traditional\proc\p18F4550.asm
                     DDRD   0x000f95       data     extern C:\MCC18\v3_39\src\traditional\proc\p18F4550.asm
                 DDRDbits   0x000f95       data     extern C:\MCC18\v3_39\src\traditional\proc\p18F4550.asm
                     DDRE   0x000f96       data     extern C:\MCC18\v3_39\src\traditional\proc\p18F4550.asm
                 DDREbits   0x000f96       data     extern C:\MCC18\v3_39\src\traditional\proc\p18F4550.asm
            DelayCounter1   0x000046       data     extern C:\MCC18\v3_39\src\traditional\delays\delayd1.asm
                  ECCP1AS   0x000fb6       data     extern C:\MCC18\v3_39\src\traditional\proc\p18F4550.asm
              ECCP1ASbits   0x000fb6       data     extern C:\MCC18\v3_39\src\traditional\proc\p18F4550.asm
                 ECCP1CON   0x000fbd       data     extern C:\MCC18\v3_39\src\traditional\proc\p18F4550.asm
             ECCP1CONbits   0x000fbd       data     extern C:\MCC18\v3_39\src\traditional\proc\p18F4550.asm
                 ECCP1DEL   0x000fb7       data     extern C:\MCC18\v3_39\src\traditional\proc\p18F4550.asm
             ECCP1DELbits   0x000fb7       data     extern C:\MCC18\v3_39\src\traditional\proc\p18F4550.asm
                    EEADR   0x000fa9       data     extern C:\MCC18\v3_39\src\traditional\proc\p18F4550.asm
                   EECON1   0x000fa6       data     extern C:\MCC18\v3_39\src\traditional\proc\p18F4550.asm
               EECON1bits   0x000fa6       data     extern C:\MCC18\v3_39\src\traditional\proc\p18F4550.asm
                   EECON2   0x000fa7       data     extern C:\MCC18\v3_39\src\traditional\proc\p18F4550.asm
                   EEDATA   0x000fa8       data     extern C:\MCC18\v3_39\src\traditional\proc\p18F4550.asm
                     FSR0   0x000fe9       data     extern C:\MCC18\v3_39\src\traditional\proc\p18F4550.asm
                    FSR0H   0x000fea       data     extern C:\MCC18\v3_39\src\traditional\proc\p18F4550.asm
                    FSR0L   0x000fe9       data     extern C:\MCC18\v3_39\src\traditional\proc\p18F4550.asm
                     FSR1   0x000fe1       data     extern C:\MCC18\v3_39\src\traditional\proc\p18F4550.asm
                    FSR1H   0x000fe2       data     extern C:\MCC18\v3_39\src\traditional\proc\p18F4550.asm
                    FSR1L   0x000fe1       data     extern C:\MCC18\v3_39\src\traditional\proc\p18F4550.asm
                     FSR2   0x000fd9       data     extern C:\MCC18\v3_39\src\traditional\proc\p18F4550.asm
                    FSR2H   0x000fda       data     extern C:\MCC18\v3_39\src\traditional\proc\p18F4550.asm
                    FSR2L   0x000fd9       data     extern C:\MCC18\v3_39\src\traditional\proc\p18F4550.asm
                  HLVDCON   0x000fd2       data     extern C:\MCC18\v3_39\src\traditional\proc\p18F4550.asm
              HLVDCONbits   0x000fd2       data     extern C:\MCC18\v3_39\src\traditional\proc\p18F4550.asm
                    INDF0   0x000fef       data     extern C:\MCC18\v3_39\src\traditional\proc\p18F4550.asm
                    INDF1   0x000fe7       data     extern C:\MCC18\v3_39\src\traditional\proc\p18F4550.asm
                    INDF2   0x000fdf       data     extern C:\MCC18\v3_39\src\traditional\proc\p18F4550.asm
                   INTCON   0x000ff2       data     extern C:\MCC18\v3_39\src\traditional\proc\p18F4550.asm
                  INTCON2   0x000ff1       data     extern C:\MCC18\v3_39\src\traditional\proc\p18F4550.asm
              INTCON2bits   0x000ff1       data     extern C:\MCC18\v3_39\src\traditional\proc\p18F4550.asm
                  INTCON3   0x000ff0       data     extern C:\MCC18\v3_39\src\traditional\proc\p18F4550.asm
              INTCON3bits   0x000ff0       data     extern C:\MCC18\v3_39\src\traditional\proc\p18F4550.asm
               INTCONbits   0x000ff2       data     extern C:\MCC18\v3_39\src\traditional\proc\p18F4550.asm
                     IPR1   0x000f9f       data     extern C:\MCC18\v3_39\src\traditional\proc\p18F4550.asm
                 IPR1bits   0x000f9f       data     extern C:\MCC18\v3_39\src\traditional\proc\p18F4550.asm
                     IPR2   0x000fa2       data     extern C:\MCC18\v3_39\src\traditional\proc\p18F4550.asm
                 IPR2bits   0x000fa2       data     extern C:\MCC18\v3_39\src\traditional\proc\p18F4550.asm
                     LATA   0x000f89       data     extern C:\MCC18\v3_39\src\traditional\proc\p18F4550.asm
                 LATAbits   0x000f89       data     extern C:\MCC18\v3_39\src\traditional\proc\p18F4550.asm
                     LATB   0x000f8a       data     extern C:\MCC18\v3_39\src\traditional\proc\p18F4550.asm
                 LATBbits   0x000f8a       data     extern C:\MCC18\v3_39\src\traditional\proc\p18F4550.asm
                     LATC   0x000f8b       data     extern C:\MCC18\v3_39\src\traditional\proc\p18F4550.asm
                 LATCbits   0x000f8b       data     extern C:\MCC18\v3_39\src\traditional\proc\p18F4550.asm
                     LATD   0x000f8c       data     extern C:\MCC18\v3_39\src\traditional\proc\p18F4550.asm
                 LATDbits   0x000f8c       data     extern C:\MCC18\v3_39\src\traditional\proc\p18F4550.asm
                     LATE   0x000f8d       data     extern C:\MCC18\v3_39\src\traditional\proc\p18F4550.asm
                 LATEbits   0x000f8d       data     extern C:\MCC18\v3_39\src\traditional\proc\p18F4550.asm
                   LVDCON   0x000fd2       data     extern C:\MCC18\v3_39\src\traditional\proc\p18F4550.asm
               LVDCONbits   0x000fd2       data     extern C:\MCC18\v3_39\src\traditional\proc\p18F4550.asm
                   OSCCON   0x000fd3       data     extern C:\MCC18\v3_39\src\traditional\proc\p18F4550.asm
               OSCCONbits   0x000fd3       data     extern C:\MCC18\v3_39\src\traditional\proc\p18F4550.asm
                  OSCTUNE   0x000f9b       data     extern C:\MCC18\v3_39\src\traditional\proc\p18F4550.asm
              OSCTUNEbits   0x000f9b       data     extern C:\MCC18\v3_39\src\traditional\proc\p18F4550.asm
                       PC   0x000ff9       data     extern C:\MCC18\v3_39\src\traditional\proc\p18F4550.asm
                      PCL   0x000ff9       data     extern C:\MCC18\v3_39\src\traditional\proc\p18F4550.asm
                   PCLATH   0x000ffa       data     extern C:\MCC18\v3_39\src\traditional\proc\p18F4550.asm
                   PCLATU   0x000ffb       data     extern C:\MCC18\v3_39\src\traditional\proc\p18F4550.asm
                     PIE1   0x000f9d       data     extern C:\MCC18\v3_39\src\traditional\proc\p18F4550.asm
                 PIE1bits   0x000f9d       data     extern C:\MCC18\v3_39\src\traditional\proc\p18F4550.asm
                     PIE2   0x000fa0       data     extern C:\MCC18\v3_39\src\traditional\proc\p18F4550.asm
                 PIE2bits   0x000fa0       data     extern C:\MCC18\v3_39\src\traditional\proc\p18F4550.asm
                     PIR1   0x000f9e       data     extern C:\MCC18\v3_39\src\traditional\proc\p18F4550.asm
                 PIR1bits   0x000f9e       data     extern C:\MCC18\v3_39\src\traditional\proc\p18F4550.asm
                     PIR2   0x000fa1       data     extern C:\MCC18\v3_39\src\traditional\proc\p18F4550.asm
                 PIR2bits   0x000fa1       data     extern C:\MCC18\v3_39\src\traditional\proc\p18F4550.asm
                   PLUSW0   0x000feb       data     extern C:\MCC18\v3_39\src\traditional\proc\p18F4550.asm
                   PLUSW1   0x000fe3       data     extern C:\MCC18\v3_39\src\traditional\proc\p18F4550.asm
                   PLUSW2   0x000fdb       data     extern C:\MCC18\v3_39\src\traditional\proc\p18F4550.asm
                    PORTA   0x000f80       data     extern C:\MCC18\v3_39\src\traditional\proc\p18F4550.asm
                PORTAbits   0x000f80       data     extern C:\MCC18\v3_39\src\traditional\proc\p18F4550.asm
                    PORTB   0x000f81       data     extern C:\MCC18\v3_39\src\traditional\proc\p18F4550.asm
                PORTBbits   0x000f81       data     extern C:\MCC18\v3_39\src\traditional\proc\p18F4550.asm
                    PORTC   0x000f82       data     extern C:\MCC18\v3_39\src\traditional\proc\p18F4550.asm
                PORTCbits   0x000f82       data     extern C:\MCC18\v3_39\src\traditional\proc\p18F4550.asm
                    PORTD   0x000f83       data     extern C:\MCC18\v3_39\src\traditional\proc\p18F4550.asm
                PORTDbits   0x000f83       data     extern C:\MCC18\v3_39\src\traditional\proc\p18F4550.asm
                    PORTE   0x000f84       data     extern C:\MCC18\v3_39\src\traditional\proc\p18F4550.asm
                PORTEbits   0x000f84       data     extern C:\MCC18\v3_39\src\traditional\proc\p18F4550.asm
                 POSTDEC0   0x000fed       data     extern C:\MCC18\v3_39\src\traditional\proc\p18F4550.asm
                 POSTDEC1   0x000fe5       data     extern C:\MCC18\v3_39\src\traditional\proc\p18F4550.asm
                 POSTDEC2   0x000fdd       data     extern C:\MCC18\v3_39\src\traditional\proc\p18F4550.asm
                 POSTINC0   0x000fee       data     extern C:\MCC18\v3_39\src\traditional\proc\p18F4550.asm
                 POSTINC1   0x000fe6       data     extern C:\MCC18\v3_39\src\traditional\proc\p18F4550.asm
                 POSTINC2   0x000fde       data     extern C:\MCC18\v3_39\src\traditional\proc\p18F4550.asm
                      PR2   0x000fcb       data     extern C:\MCC18\v3_39\src\traditional\proc\p18F4550.asm
                  PREINC0   0x000fec       data     extern C:\MCC18\v3_39\src\traditional\proc\p18F4550.asm
                  PREINC1   0x000fe4       data     extern C:\MCC18\v3_39\src\traditional\proc\p18F4550.asm
                  PREINC2   0x000fdc       data     extern C:\MCC18\v3_39\src\traditional\proc\p18F4550.asm
                     PROD   0x000ff3       data     extern C:\MCC18\v3_39\src\traditional\proc\p18F4550.asm
                    PRODH   0x000ff4       data     extern C:\MCC18\v3_39\src\traditional\proc\p18F4550.asm
                    PRODL   0x000ff3       data     extern C:\MCC18\v3_39\src\traditional\proc\p18F4550.asm
                        R   0x000060       data     extern /home/joaojr/joao.junior7cc@gmail.com/Faculdade/IFCE/S8/Sistemas Embarcados/Workspace/Prat01/RTOSB/RTOS1.X/SanUSB48.h
                     RCON   0x000fd0       data     extern C:\MCC18\v3_39\src\traditional\proc\p18F4550.asm
                 RCONbits   0x000fd0       data     extern C:\MCC18\v3_39\src\traditional\proc\p18F4550.asm
                    RCREG   0x000fae       data     extern C:\MCC18\v3_39\src\traditional\proc\p18F4550.asm
                    RCSTA   0x000fab       data     extern C:\MCC18\v3_39\src\traditional\proc\p18F4550.asm
                RCSTAbits   0x000fab       data     extern C:\MCC18\v3_39\src\traditional\proc\p18F4550.asm
                      REG   0x000062       data     extern /home/joaojr/joao.junior7cc@gmail.com/Faculdade/IFCE/S8/Sistemas Embarcados/Workspace/Prat01/RTOSB/RTOS1.X/SanUSB48.h
                    REGad   0x000063       data     extern /home/joaojr/joao.junior7cc@gmail.com/Faculdade/IFCE/S8/Sistemas Embarcados/Workspace/Prat01/RTOSB/RTOS1.X/SanUSB48.h
                     SIGN   0x00001d       data     extern C:\MCC18\v3_39\src\traditional\math\cmath18.asm
                    SPBRG   0x000faf       data     extern C:\MCC18\v3_39\src\traditional\proc\p18F4550.asm
                   SPBRGH   0x000fb0       data     extern C:\MCC18\v3_39\src\traditional\proc\p18F4550.asm
                   SPPCFG   0x000f63       data     extern C:\MCC18\v3_39\src\traditional\proc\p18F4550.asm
               SPPCFGbits   0x000f63       data     extern C:\MCC18\v3_39\src\traditional\proc\p18F4550.asm
                   SPPCON   0x000f65       data     extern C:\MCC18\v3_39\src\traditional\proc\p18F4550.asm
               SPPCONbits   0x000f65       data     extern C:\MCC18\v3_39\src\traditional\proc\p18F4550.asm
                  SPPDATA   0x000f62       data     extern C:\MCC18\v3_39\src\traditional\proc\p18F4550.asm
                   SPPEPS   0x000f64       data     extern C:\MCC18\v3_39\src\traditional\proc\p18F4550.asm
               SPPEPSbits   0x000f64       data     extern C:\MCC18\v3_39\src\traditional\proc\p18F4550.asm
                   SSPADD   0x000fc8       data     extern C:\MCC18\v3_39\src\traditional\proc\p18F4550.asm
                   SSPBUF   0x000fc9       data     extern C:\MCC18\v3_39\src\traditional\proc\p18F4550.asm
                  SSPCON1   0x000fc6       data     extern C:\MCC18\v3_39\src\traditional\proc\p18F4550.asm
              SSPCON1bits   0x000fc6       data     extern C:\MCC18\v3_39\src\traditional\proc\p18F4550.asm
                  SSPCON2   0x000fc5       data     extern C:\MCC18\v3_39\src\traditional\proc\p18F4550.asm
              SSPCON2bits   0x000fc5       data     extern C:\MCC18\v3_39\src\traditional\proc\p18F4550.asm
                  SSPSTAT   0x000fc7       data     extern C:\MCC18\v3_39\src\traditional\proc\p18F4550.asm
              SSPSTATbits   0x000fc7       data     extern C:\MCC18\v3_39\src\traditional\proc\p18F4550.asm
                   STATUS   0x000fd8       data     extern C:\MCC18\v3_39\src\traditional\proc\p18F4550.asm
               STATUSbits   0x000fd8       data     extern C:\MCC18\v3_39\src\traditional\proc\p18F4550.asm
                   STKPTR   0x000ffc       data     extern C:\MCC18\v3_39\src\traditional\proc\p18F4550.asm
               STKPTRbits   0x000ffc       data     extern C:\MCC18\v3_39\src\traditional\proc\p18F4550.asm
                    T0CON   0x000fd5       data     extern C:\MCC18\v3_39\src\traditional\proc\p18F4550.asm
                T0CONbits   0x000fd5       data     extern C:\MCC18\v3_39\src\traditional\proc\p18F4550.asm
                    T1CON   0x000fcd       data     extern C:\MCC18\v3_39\src\traditional\proc\p18F4550.asm
                T1CONbits   0x000fcd       data     extern C:\MCC18\v3_39\src\traditional\proc\p18F4550.asm
                    T2CON   0x000fca       data     extern C:\MCC18\v3_39\src\traditional\proc\p18F4550.asm
                T2CONbits   0x000fca       data     extern C:\MCC18\v3_39\src\traditional\proc\p18F4550.asm
                    T3CON   0x000fb1       data     extern C:\MCC18\v3_39\src\traditional\proc\p18F4550.asm
                T3CONbits   0x000fb1       data     extern C:\MCC18\v3_39\src\traditional\proc\p18F4550.asm
                   TABLAT   0x000ff5       data     extern C:\MCC18\v3_39\src\traditional\proc\p18F4550.asm
                   TBLPTR   0x000ff6       data     extern C:\MCC18\v3_39\src\traditional\proc\p18F4550.asm
                  TBLPTRH   0x000ff7       data     extern C:\MCC18\v3_39\src\traditional\proc\p18F4550.asm
                  TBLPTRL   0x000ff6       data     extern C:\MCC18\v3_39\src\traditional\proc\p18F4550.asm
                  TBLPTRU   0x000ff8       data     extern C:\MCC18\v3_39\src\traditional\proc\p18F4550.asm
                    TMR0H   0x000fd7       data     extern C:\MCC18\v3_39\src\traditional\proc\p18F4550.asm
                    TMR0L   0x000fd6       data     extern C:\MCC18\v3_39\src\traditional\proc\p18F4550.asm
                    TMR1H   0x000fcf       data     extern C:\MCC18\v3_39\src\traditional\proc\p18F4550.asm
                    TMR1L   0x000fce       data     extern C:\MCC18\v3_39\src\traditional\proc\p18F4550.asm
                     TMR2   0x000fcc       data     extern C:\MCC18\v3_39\src\traditional\proc\p18F4550.asm
                    TMR3H   0x000fb3       data     extern C:\MCC18\v3_39\src\traditional\proc\p18F4550.asm
                    TMR3L   0x000fb2       data     extern C:\MCC18\v3_39\src\traditional\proc\p18F4550.asm
                      TOS   0x000ffd       data     extern C:\MCC18\v3_39\src\traditional\proc\p18F4550.asm
                     TOSH   0x000ffe       data     extern C:\MCC18\v3_39\src\traditional\proc\p18F4550.asm
                     TOSL   0x000ffd       data     extern C:\MCC18\v3_39\src\traditional\proc\p18F4550.asm
                     TOSU   0x000fff       data     extern C:\MCC18\v3_39\src\traditional\proc\p18F4550.asm
                    TRISA   0x000f92       data     extern C:\MCC18\v3_39\src\traditional\proc\p18F4550.asm
                TRISAbits   0x000f92       data     extern C:\MCC18\v3_39\src\traditional\proc\p18F4550.asm
                    TRISB   0x000f93       data     extern C:\MCC18\v3_39\src\traditional\proc\p18F4550.asm
                TRISBbits   0x000f93       data     extern C:\MCC18\v3_39\src\traditional\proc\p18F4550.asm
                    TRISC   0x000f94       data     extern C:\MCC18\v3_39\src\traditional\proc\p18F4550.asm
                TRISCbits   0x000f94       data     extern C:\MCC18\v3_39\src\traditional\proc\p18F4550.asm
                    TRISD   0x000f95       data     extern C:\MCC18\v3_39\src\traditional\proc\p18F4550.asm
                TRISDbits   0x000f95       data     extern C:\MCC18\v3_39\src\traditional\proc\p18F4550.asm
                    TRISE   0x000f96       data     extern C:\MCC18\v3_39\src\traditional\proc\p18F4550.asm
                TRISEbits   0x000f96       data     extern C:\MCC18\v3_39\src\traditional\proc\p18F4550.asm
                    TXREG   0x000fad       data     extern C:\MCC18\v3_39\src\traditional\proc\p18F4550.asm
                    TXSTA   0x000fac       data     extern C:\MCC18\v3_39\src\traditional\proc\p18F4550.asm
                TXSTAbits   0x000fac       data     extern C:\MCC18\v3_39\src\traditional\proc\p18F4550.asm
                    UADDR   0x000f6e       data     extern C:\MCC18\v3_39\src\traditional\proc\p18F4550.asm
                UADDRbits   0x000f6e       data     extern C:\MCC18\v3_39\src\traditional\proc\p18F4550.asm
                     UCFG   0x000f6f       data     extern C:\MCC18\v3_39\src\traditional\proc\p18F4550.asm
                 UCFGbits   0x000f6f       data     extern C:\MCC18\v3_39\src\traditional\proc\p18F4550.asm
                     UCON   0x000f6d       data     extern C:\MCC18\v3_39\src\traditional\proc\p18F4550.asm
                 UCONbits   0x000f6d       data     extern C:\MCC18\v3_39\src\traditional\proc\p18F4550.asm
                     UEIE   0x000f6b       data     extern C:\MCC18\v3_39\src\traditional\proc\p18F4550.asm
                 UEIEbits   0x000f6b       data     extern C:\MCC18\v3_39\src\traditional\proc\p18F4550.asm
                     UEIR   0x000f6a       data     extern C:\MCC18\v3_39\src\traditional\proc\p18F4550.asm
                 UEIRbits   0x000f6a       data     extern C:\MCC18\v3_39\src\traditional\proc\p18F4550.asm
                     UEP0   0x000f70       data     extern C:\MCC18\v3_39\src\traditional\proc\p18F4550.asm
                 UEP0bits   0x000f70       data     extern C:\MCC18\v3_39\src\traditional\proc\p18F4550.asm
                     UEP1   0x000f71       data     extern C:\MCC18\v3_39\src\traditional\proc\p18F4550.asm
                    UEP10   0x000f7a       data     extern C:\MCC18\v3_39\src\traditional\proc\p18F4550.asm
                UEP10bits   0x000f7a       data     extern C:\MCC18\v3_39\src\traditional\proc\p18F4550.asm
                    UEP11   0x000f7b       data     extern C:\MCC18\v3_39\src\traditional\proc\p18F4550.asm
                UEP11bits   0x000f7b       data     extern C:\MCC18\v3_39\src\traditional\proc\p18F4550.asm
                    UEP12   0x000f7c       data     extern C:\MCC18\v3_39\src\traditional\proc\p18F4550.asm
                UEP12bits   0x000f7c       data     extern C:\MCC18\v3_39\src\traditional\proc\p18F4550.asm
                    UEP13   0x000f7d       data     extern C:\MCC18\v3_39\src\traditional\proc\p18F4550.asm
                UEP13bits   0x000f7d       data     extern C:\MCC18\v3_39\src\traditional\proc\p18F4550.asm
                    UEP14   0x000f7e       data     extern C:\MCC18\v3_39\src\traditional\proc\p18F4550.asm
                UEP14bits   0x000f7e       data     extern C:\MCC18\v3_39\src\traditional\proc\p18F4550.asm
                    UEP15   0x000f7f       data     extern C:\MCC18\v3_39\src\traditional\proc\p18F4550.asm
                UEP15bits   0x000f7f       data     extern C:\MCC18\v3_39\src\traditional\proc\p18F4550.asm
                 UEP1bits   0x000f71       data     extern C:\MCC18\v3_39\src\traditional\proc\p18F4550.asm
                     UEP2   0x000f72       data     extern C:\MCC18\v3_39\src\traditional\proc\p18F4550.asm
                 UEP2bits   0x000f72       data     extern C:\MCC18\v3_39\src\traditional\proc\p18F4550.asm
                     UEP3   0x000f73       data     extern C:\MCC18\v3_39\src\traditional\proc\p18F4550.asm
                 UEP3bits   0x000f73       data     extern C:\MCC18\v3_39\src\traditional\proc\p18F4550.asm
                     UEP4   0x000f74       data     extern C:\MCC18\v3_39\src\traditional\proc\p18F4550.asm
                 UEP4bits   0x000f74       data     extern C:\MCC18\v3_39\src\traditional\proc\p18F4550.asm
                     UEP5   0x000f75       data     extern C:\MCC18\v3_39\src\traditional\proc\p18F4550.asm
                 UEP5bits   0x000f75       data     extern C:\MCC18\v3_39\src\traditional\proc\p18F4550.asm
                     UEP6   0x000f76       data     extern C:\MCC18\v3_39\src\traditional\proc\p18F4550.asm
                 UEP6bits   0x000f76       data     extern C:\MCC18\v3_39\src\traditional\proc\p18F4550.asm
                     UEP7   0x000f77       data     extern C:\MCC18\v3_39\src\traditional\proc\p18F4550.asm
                 UEP7bits   0x000f77       data     extern C:\MCC18\v3_39\src\traditional\proc\p18F4550.asm
                     UEP8   0x000f78       data     extern C:\MCC18\v3_39\src\traditional\proc\p18F4550.asm
                 UEP8bits   0x000f78       data     extern C:\MCC18\v3_39\src\traditional\proc\p18F4550.asm
                     UEP9   0x000f79       data     extern C:\MCC18\v3_39\src\traditional\proc\p18F4550.asm
                 UEP9bits   0x000f79       data     extern C:\MCC18\v3_39\src\traditional\proc\p18F4550.asm
                     UFRM   0x000f66       data     extern C:\MCC18\v3_39\src\traditional\proc\p18F4550.asm
                    UFRMH   0x000f67       data     extern C:\MCC18\v3_39\src\traditional\proc\p18F4550.asm
                UFRMHbits   0x000f67       data     extern C:\MCC18\v3_39\src\traditional\proc\p18F4550.asm
                    UFRML   0x000f66       data     extern C:\MCC18\v3_39\src\traditional\proc\p18F4550.asm
                UFRMLbits   0x000f66       data     extern C:\MCC18\v3_39\src\traditional\proc\p18F4550.asm
                      UIE   0x000f69       data     extern C:\MCC18\v3_39\src\traditional\proc\p18F4550.asm
                  UIEbits   0x000f69       data     extern C:\MCC18\v3_39\src\traditional\proc\p18F4550.asm
                      UIR   0x000f68       data     extern C:\MCC18\v3_39\src\traditional\proc\p18F4550.asm
                  UIRbits   0x000f68       data     extern C:\MCC18\v3_39\src\traditional\proc\p18F4550.asm
                    USTAT   0x000f6c       data     extern C:\MCC18\v3_39\src\traditional\proc\p18F4550.asm
                USTATbits   0x000f6c       data     extern C:\MCC18\v3_39\src\traditional\proc\p18F4550.asm
                   WDTCON   0x000fd1       data     extern C:\MCC18\v3_39\src\traditional\proc\p18F4550.asm
               WDTCONbits   0x000fd1       data     extern C:\MCC18\v3_39\src\traditional\proc\p18F4550.asm
                     WREG   0x000fe8       data     extern C:\MCC18\v3_39\src\traditional\proc\p18F4550.asm
             _OS_BestTask   0x000000       data     extern /home/joaojr/joao.junior7cc@gmail.com/Faculdade/IFCE/S8/Sistemas Embarcados/Workspace/Prat01/RTOSB/RTOS1.X/osa/osa.c
        _OS_Best_Priority   0x000004       data     extern /home/joaojr/joao.junior7cc@gmail.com/Faculdade/IFCE/S8/Sistemas Embarcados/Workspace/Prat01/RTOSB/RTOS1.X/osa/osa.c
              _OS_CurTask   0x000044       data     extern /home/joaojr/joao.junior7cc@gmail.com/Faculdade/IFCE/S8/Sistemas Embarcados/Workspace/Prat01/RTOSB/RTOS1.X/osa/osa.c
                _OS_Flags   0x000041       data     extern /home/joaojr/joao.junior7cc@gmail.com/Faculdade/IFCE/S8/Sistemas Embarcados/Workspace/Prat01/RTOSB/RTOS1.X/osa/osa.c
             _OS_LastTask   0x000002       data     extern /home/joaojr/joao.junior7cc@gmail.com/Faculdade/IFCE/S8/Sistemas Embarcados/Workspace/Prat01/RTOSB/RTOS1.X/osa/osa.c
                _OS_Tasks   0x000005       data     extern /home/joaojr/joao.junior7cc@gmail.com/Faculdade/IFCE/S8/Sistemas Embarcados/Workspace/Prat01/RTOSB/RTOS1.X/osa/kernel/system/osa_tasks.c
                 _OS_Temp   0x000042       data     extern /home/joaojr/joao.junior7cc@gmail.com/Faculdade/IFCE/S8/Sistemas Embarcados/Workspace/Prat01/RTOSB/RTOS1.X/osa/osa.c
                _OS_TempH   0x000043       data     extern /home/joaojr/joao.junior7cc@gmail.com/Faculdade/IFCE/S8/Sistemas Embarcados/Workspace/Prat01/RTOSB/RTOS1.X/osa/osa.c
                 __AARGB0   0x000026       data     extern C:\MCC18\v3_39\src\traditional\math\aarg.asm
                 __AARGB1   0x000025       data     extern C:\MCC18\v3_39\src\traditional\math\aarg.asm
                 __AARGB2   0x000024       data     extern C:\MCC18\v3_39\src\traditional\math\aarg.asm
                 __AARGB3   0x000023       data     extern C:\MCC18\v3_39\src\traditional\math\aarg.asm
                 __AARGB4   0x000022       data     extern C:\MCC18\v3_39\src\traditional\math\aarg.asm
                 __AARGB5   0x000021       data     extern C:\MCC18\v3_39\src\traditional\math\aarg.asm
                 __AARGB6   0x000020       data     extern C:\MCC18\v3_39\src\traditional\math\aarg.asm
                 __AARGB7   0x00001f       data     extern C:\MCC18\v3_39\src\traditional\math\aarg.asm
                   __AEXP   0x000027       data     extern C:\MCC18\v3_39\src\traditional\math\aarg.asm
                 __BARGB0   0x00002b       data     extern C:\MCC18\v3_39\src\traditional\math\barg.asm
                 __BARGB1   0x00002a       data     extern C:\MCC18\v3_39\src\traditional\math\barg.asm
                 __BARGB2   0x000029       data     extern C:\MCC18\v3_39\src\traditional\math\barg.asm
                 __BARGB3   0x000028       data     extern C:\MCC18\v3_39\src\traditional\math\barg.asm
                   __BEXP   0x00002c       data     extern C:\MCC18\v3_39\src\traditional\math\barg.asm
                __FPFLAGS   0x00001e       data     extern C:\MCC18\v3_39\src\traditional\math\cmath18.asm
            __FPFLAGSbits   0x00001e       data     extern C:\MCC18\v3_39\src\traditional\math\cmath18.asm
                  __REMB0   0x000022       data     extern C:\MCC18\v3_39\src\traditional\math\aarg.asm
                  __REMB1   0x000021       data     extern C:\MCC18\v3_39\src\traditional\math\aarg.asm
                  __REMB2   0x000020       data     extern C:\MCC18\v3_39\src\traditional\math\aarg.asm
                  __REMB3   0x00001f       data     extern C:\MCC18\v3_39\src\traditional\math\aarg.asm
                   __TEMP   0x000030       data     extern C:\MCC18\v3_39\src\traditional\math\temparg.asm
                 __TEMPB0   0x000030       data     extern C:\MCC18\v3_39\src\traditional\math\temparg.asm
                 __TEMPB1   0x00002f       data     extern C:\MCC18\v3_39\src\traditional\math\temparg.asm
                 __TEMPB2   0x00002e       data     extern C:\MCC18\v3_39\src\traditional\math\temparg.asm
                 __TEMPB3   0x00002d       data     extern C:\MCC18\v3_39\src\traditional\math\temparg.asm
                __sendr:0   0x00007d       data     extern /home/joaojr/joao.junior7cc@gmail.com/Faculdade/IFCE/S8/Sistemas Embarcados/Workspace/Prat01/RTOSB/RTOS1.X/SanUSB48.h
               __sendrw:0   0x00007b       data     extern /home/joaojr/joao.junior7cc@gmail.com/Faculdade/IFCE/S8/Sistemas Embarcados/Workspace/Prat01/RTOSB/RTOS1.X/SanUSB48.h
                  __tmp_0   0x000031       data     static /home/joaojr/joao.junior7cc@gmail.com/Faculdade/IFCE/S8/Sistemas Embarcados/Workspace/Prat01/RTOSB/RTOS1.X/Pratica1_RTOS_semaforo_display_JJR.c
                curr_byte   0x00008a       data     static C:\MCC18\v3_39\src\traditional\startup\c018i.c
               curr_entry   0x00008c       data     static C:\MCC18\v3_39\src\traditional\startup\c018i.c
                 data_ptr   0x00008e       data     static C:\MCC18\v3_39\src\traditional\startup\c018i.c
                   dezena   0x000083       data     extern /home/joaojr/joao.junior7cc@gmail.com/Faculdade/IFCE/S8/Sistemas Embarcados/Workspace/Prat01/RTOSB/RTOS1.X/Pratica1_RTOS_semaforo_display_JJR.c
                     flag   0x000079       data     extern /home/joaojr/joao.junior7cc@gmail.com/Faculdade/IFCE/S8/Sistemas Embarcados/Workspace/Prat01/RTOSB/RTOS1.X/Pratica1_RTOS_semaforo_display_JJR.c
                        i   0x00007f       data     extern /home/joaojr/joao.junior7cc@gmail.com/Faculdade/IFCE/S8/Sistemas Embarcados/Workspace/Prat01/RTOSB/RTOS1.X/Pratica1_RTOS_semaforo_display_JJR.c
                        k   0x000064       data     extern /home/joaojr/joao.junior7cc@gmail.com/Faculdade/IFCE/S8/Sistemas Embarcados/Workspace/Prat01/RTOSB/RTOS1.X/SanUSB48.h
                     prom   0x000087       data     static C:\MCC18\v3_39\src\traditional\startup\c018i.c
                   setseg   0x000065       data     extern /home/joaojr/joao.junior7cc@gmail.com/Faculdade/IFCE/S8/Sistemas Embarcados/Workspace/Prat01/RTOSB/RTOS1.X/Pratica1_RTOS_semaforo_display_JJR.c
                  unidade   0x000085       data     extern /home/joaojr/joao.junior7cc@gmail.com/Faculdade/IFCE/S8/Sistemas Embarcados/Workspace/Prat01/RTOSB/RTOS1.X/Pratica1_RTOS_semaforo_display_JJR.c
                        z   0x000081       data     extern /home/joaojr/joao.junior7cc@gmail.com/Faculdade/IFCE/S8/Sistemas Embarcados/Workspace/Prat01/RTOSB/RTOS1.X/Pratica1_RTOS_semaforo_display_JJR.c



                              Symbols - Sorted by Address
                     Name    Address   Location    Storage File                     
                ---------  ---------  ---------  --------- ---------                
                   _entry   0x000000    program     extern C:\MCC18\v3_39\src\traditional\startup\c018i.c
       ___return_lbl00000   0x000004    program     static                          
                   _reset   0x001000    program     extern /home/joaojr/joao.junior7cc@gmail.com/Faculdade/IFCE/S8/Sistemas Embarcados/Workspace/Prat01/RTOSB/RTOS1.X/SanUSB48.h
       ___return_lbl00000   0x001004    program     static                          
                _high_ISR   0x001008    program     extern /home/joaojr/joao.junior7cc@gmail.com/Faculdade/IFCE/S8/Sistemas Embarcados/Workspace/Prat01/RTOSB/RTOS1.X/SanUSB48.h
       ___return_lbl00001   0x00100c    program     static                          
                 _low_ISR   0x001018    program     extern /home/joaojr/joao.junior7cc@gmail.com/Faculdade/IFCE/S8/Sistemas Embarcados/Workspace/Prat01/RTOSB/RTOS1.X/SanUSB48.h
     habilita_interrupcao   0x001038    program     extern /home/joaojr/joao.junior7cc@gmail.com/Faculdade/IFCE/S8/Sistemas Embarcados/Workspace/Prat01/RTOSB/RTOS1.X/SanUSB48.h
             portaA_saida   0x0010e6    program     extern /home/joaojr/joao.junior7cc@gmail.com/Faculdade/IFCE/S8/Sistemas Embarcados/Workspace/Prat01/RTOSB/RTOS1.X/SanUSB48.h
             portaB_saida   0x0010ec    program     extern /home/joaojr/joao.junior7cc@gmail.com/Faculdade/IFCE/S8/Sistemas Embarcados/Workspace/Prat01/RTOSB/RTOS1.X/SanUSB48.h
             portaC_saida   0x0010f2    program     extern /home/joaojr/joao.junior7cc@gmail.com/Faculdade/IFCE/S8/Sistemas Embarcados/Workspace/Prat01/RTOSB/RTOS1.X/SanUSB48.h
           portaA_entrada   0x0010f8    program     extern /home/joaojr/joao.junior7cc@gmail.com/Faculdade/IFCE/S8/Sistemas Embarcados/Workspace/Prat01/RTOSB/RTOS1.X/SanUSB48.h
           portaB_entrada   0x0010fc    program     extern /home/joaojr/joao.junior7cc@gmail.com/Faculdade/IFCE/S8/Sistemas Embarcados/Workspace/Prat01/RTOSB/RTOS1.X/SanUSB48.h
           portaC_entrada   0x001100    program     extern /home/joaojr/joao.junior7cc@gmail.com/Faculdade/IFCE/S8/Sistemas Embarcados/Workspace/Prat01/RTOSB/RTOS1.X/SanUSB48.h
             habilita_wdt   0x001104    program     extern /home/joaojr/joao.junior7cc@gmail.com/Faculdade/IFCE/S8/Sistemas Embarcados/Workspace/Prat01/RTOSB/RTOS1.X/SanUSB48.h
            limpaflag_wdt   0x001108    program     extern /home/joaojr/joao.junior7cc@gmail.com/Faculdade/IFCE/S8/Sistemas Embarcados/Workspace/Prat01/RTOSB/RTOS1.X/SanUSB48.h
       ___return_lbl00021   0x00110a    program     static                          
               nivel_alto   0x00110c    program     extern /home/joaojr/joao.junior7cc@gmail.com/Faculdade/IFCE/S8/Sistemas Embarcados/Workspace/Prat01/RTOSB/RTOS1.X/SanUSB48.h
              nivel_baixo   0x0012ac    program     extern /home/joaojr/joao.junior7cc@gmail.com/Faculdade/IFCE/S8/Sistemas Embarcados/Workspace/Prat01/RTOSB/RTOS1.X/SanUSB48.h
            inverte_saida   0x00144c    program     extern /home/joaojr/joao.junior7cc@gmail.com/Faculdade/IFCE/S8/Sistemas Embarcados/Workspace/Prat01/RTOSB/RTOS1.X/SanUSB48.h
               saida_pino   0x0015c4    program     extern /home/joaojr/joao.junior7cc@gmail.com/Faculdade/IFCE/S8/Sistemas Embarcados/Workspace/Prat01/RTOSB/RTOS1.X/SanUSB48.h
                 tempo_us   0x00181a    program     extern /home/joaojr/joao.junior7cc@gmail.com/Faculdade/IFCE/S8/Sistemas Embarcados/Workspace/Prat01/RTOSB/RTOS1.X/SanUSB48.h
          ___for_lbl00116   0x00182a    program     static                          
          ___for_lbl00114   0x00185c    program     static                          
       ___return_lbl00113   0x001866    program     static                          
          ___for_lbl00115   0x001866    program     static                          
                 tempo_ms   0x00187a    program     extern /home/joaojr/joao.junior7cc@gmail.com/Faculdade/IFCE/S8/Sistemas Embarcados/Workspace/Prat01/RTOSB/RTOS1.X/SanUSB48.h
        habilita_canal_AD   0x0018c2    program     extern /home/joaojr/joao.junior7cc@gmail.com/Faculdade/IFCE/S8/Sistemas Embarcados/Workspace/Prat01/RTOSB/RTOS1.X/SanUSB48.h
               le_AD8bits   0x0018d6    program     extern /home/joaojr/joao.junior7cc@gmail.com/Faculdade/IFCE/S8/Sistemas Embarcados/Workspace/Prat01/RTOSB/RTOS1.X/SanUSB48.h
              le_AD10bits   0x001944    program     extern /home/joaojr/joao.junior7cc@gmail.com/Faculdade/IFCE/S8/Sistemas Embarcados/Workspace/Prat01/RTOSB/RTOS1.X/SanUSB48.h
   multiplica_timer16bits   0x0019b0    program     extern /home/joaojr/joao.junior7cc@gmail.com/Faculdade/IFCE/S8/Sistemas Embarcados/Workspace/Prat01/RTOSB/RTOS1.X/SanUSB48.h
        tempo_timer16bits   0x001ab6    program     extern /home/joaojr/joao.junior7cc@gmail.com/Faculdade/IFCE/S8/Sistemas Embarcados/Workspace/Prat01/RTOSB/RTOS1.X/SanUSB48.h
                timer0_ms   0x001b6c    program     extern /home/joaojr/joao.junior7cc@gmail.com/Faculdade/IFCE/S8/Sistemas Embarcados/Workspace/Prat01/RTOSB/RTOS1.X/SanUSB48.h
           escreve_eeprom   0x001ba6    program     extern /home/joaojr/joao.junior7cc@gmail.com/Faculdade/IFCE/S8/Sistemas Embarcados/Workspace/Prat01/RTOSB/RTOS1.X/SanUSB48.h
                le_eeprom   0x001bce    program     extern /home/joaojr/joao.junior7cc@gmail.com/Faculdade/IFCE/S8/Sistemas Embarcados/Workspace/Prat01/RTOSB/RTOS1.X/SanUSB48.h
          clock_int_48MHz   0x001be2    program     extern /home/joaojr/joao.junior7cc@gmail.com/Faculdade/IFCE/S8/Sistemas Embarcados/Workspace/Prat01/RTOSB/RTOS1.X/SanUSB48.h
              taxa_serial   0x001c2a    program     extern /home/joaojr/joao.junior7cc@gmail.com/Faculdade/IFCE/S8/Sistemas Embarcados/Workspace/Prat01/RTOSB/RTOS1.X/SanUSB48.h
              serial_putc   0x001cd0    program     extern /home/joaojr/joao.junior7cc@gmail.com/Faculdade/IFCE/S8/Sistemas Embarcados/Workspace/Prat01/RTOSB/RTOS1.X/SanUSB48.h
                   swputc   0x001cde    program     extern /home/joaojr/joao.junior7cc@gmail.com/Faculdade/IFCE/S8/Sistemas Embarcados/Workspace/Prat01/RTOSB/RTOS1.X/SanUSB48.h
                    sputc   0x001cec    program     extern /home/joaojr/joao.junior7cc@gmail.com/Faculdade/IFCE/S8/Sistemas Embarcados/Workspace/Prat01/RTOSB/RTOS1.X/SanUSB48.h
                   sendrw   0x001d18    program     extern /home/joaojr/joao.junior7cc@gmail.com/Faculdade/IFCE/S8/Sistemas Embarcados/Workspace/Prat01/RTOSB/RTOS1.X/SanUSB48.h
                    sendr   0x001d4e    program     extern /home/joaojr/joao.junior7cc@gmail.com/Faculdade/IFCE/S8/Sistemas Embarcados/Workspace/Prat01/RTOSB/RTOS1.X/SanUSB48.h
                   sendsw   0x001d84    program     extern /home/joaojr/joao.junior7cc@gmail.com/Faculdade/IFCE/S8/Sistemas Embarcados/Workspace/Prat01/RTOSB/RTOS1.X/SanUSB48.h
                    sends   0x001d9c    program     extern /home/joaojr/joao.junior7cc@gmail.com/Faculdade/IFCE/S8/Sistemas Embarcados/Workspace/Prat01/RTOSB/RTOS1.X/SanUSB48.h
                  sendnum   0x001db6    program     extern /home/joaojr/joao.junior7cc@gmail.com/Faculdade/IFCE/S8/Sistemas Embarcados/Workspace/Prat01/RTOSB/RTOS1.X/SanUSB48.h
                 SetaPWM1   0x001e6c    program     extern /home/joaojr/joao.junior7cc@gmail.com/Faculdade/IFCE/S8/Sistemas Embarcados/Workspace/Prat01/RTOSB/RTOS1.X/SanUSB48.h
                 SetaPWM2   0x001ec4    program     extern /home/joaojr/joao.junior7cc@gmail.com/Faculdade/IFCE/S8/Sistemas Embarcados/Workspace/Prat01/RTOSB/RTOS1.X/SanUSB48.h
              interrupcao   0x001f0a    program     extern /home/joaojr/joao.junior7cc@gmail.com/Faculdade/IFCE/S8/Sistemas Embarcados/Workspace/Prat01/RTOSB/RTOS1.X/Pratica1_RTOS_semaforo_display_JJR.c
                 PIC_Init   0x001fae    program     extern /home/joaojr/joao.junior7cc@gmail.com/Faculdade/IFCE/S8/Sistemas Embarcados/Workspace/Prat01/RTOSB/RTOS1.X/Pratica1_RTOS_semaforo_display_JJR.c
           Semaforo_Carro   0x001fca    program     extern /home/joaojr/joao.junior7cc@gmail.com/Faculdade/IFCE/S8/Sistemas Embarcados/Workspace/Prat01/RTOSB/RTOS1.X/Pratica1_RTOS_semaforo_display_JJR.c
        ___while_lbl00233   0x001fca    program     static                          
           ___if_lbl00235   0x002092    program     static                          
        ___while_lbl00234   0x0020a8    program     static                          
       ___return_lbl00232   0x0020a8    program     static                          
        ___while_lbl00237   0x0020aa    program     static                          
           Verifica_Botao   0x0020aa    program     extern /home/joaojr/joao.junior7cc@gmail.com/Faculdade/IFCE/S8/Sistemas Embarcados/Workspace/Prat01/RTOSB/RTOS1.X/Pratica1_RTOS_semaforo_display_JJR.c
           ___if_lbl00239   0x0020c6    program     static                          
        ___while_lbl00238   0x0020dc    program     static                          
       ___return_lbl00236   0x0020dc    program     static                          
        ___while_lbl00241   0x0020de    program     static                          
             Display7Segm   0x0020de    program     extern /home/joaojr/joao.junior7cc@gmail.com/Faculdade/IFCE/S8/Sistemas Embarcados/Workspace/Prat01/RTOSB/RTOS1.X/Pratica1_RTOS_semaforo_display_JJR.c
             __tmplbl_109   0x0020ec    program     static                          
             __tmplbl_108   0x0020f4    program     static                          
          ___for_lbl00249   0x00214a    program     static                          
          ___for_lbl00248   0x00215a    program     static                          
             __tmplbl_194   0x002166    program     static                          
          ___for_lbl00246   0x002242    program     static                          
          ___for_lbl00244   0x00224c    program     static                          
          ___for_lbl00247   0x00224c    program     static                          
          ___for_lbl00245   0x002256    program     static                          
           ___if_lbl00250   0x00228a    program     static                          
       ___return_lbl00240   0x0022a0    program     static                          
        ___while_lbl00242   0x0022a0    program     static                          
                     main   0x0022a2    program     extern /home/joaojr/joao.junior7cc@gmail.com/Faculdade/IFCE/S8/Sistemas Embarcados/Workspace/Prat01/RTOSB/RTOS1.X/Pratica1_RTOS_semaforo_display_JJR.c
                   __pa_0   0x002392    program     static /home/joaojr/joao.junior7cc@gmail.com/Faculdade/IFCE/S8/Sistemas Embarcados/Workspace/Prat01/RTOSB/RTOS1.X/SanUSB48.h
                   __pa_1   0x00241a    program     static /home/joaojr/joao.junior7cc@gmail.com/Faculdade/IFCE/S8/Sistemas Embarcados/Workspace/Prat01/RTOSB/RTOS1.X/SanUSB48.h
                   __pa_2   0x002438    program     static /home/joaojr/joao.junior7cc@gmail.com/Faculdade/IFCE/S8/Sistemas Embarcados/Workspace/Prat01/RTOSB/RTOS1.X/SanUSB48.h
             __tmplbl_125   0x002442    program     static                          
             __tmplbl_116   0x002442    program     static                          
                   __pa_3   0x002442    program     static /home/joaojr/joao.junior7cc@gmail.com/Faculdade/IFCE/S8/Sistemas Embarcados/Workspace/Prat01/RTOSB/RTOS1.X/SanUSB48.h
             __tmplbl_134   0x002442    program     static                          
             __tmplbl_187   0x002442    program     static                          
             __tmplbl_186   0x002442    program     static                          
             __tmplbl_184   0x002442    program     static                          
             __tmplbl_182   0x002442    program     static                          
             __tmplbl_181   0x002442    program     static                          
             __tmplbl_179   0x002442    program     static                          
             __tmplbl_177   0x002442    program     static                          
             __tmplbl_175   0x002442    program     static                          
             __tmplbl_174   0x002442    program     static                          
             __tmplbl_173   0x002442    program     static                          
             __tmplbl_141   0x002442    program     static                          
                   __pa_4   0x00244a    program     static /home/joaojr/joao.junior7cc@gmail.com/Faculdade/IFCE/S8/Sistemas Embarcados/Workspace/Prat01/RTOSB/RTOS1.X/SanUSB48.h
                   __pa_5   0x002466    program     static /home/joaojr/joao.junior7cc@gmail.com/Faculdade/IFCE/S8/Sistemas Embarcados/Workspace/Prat01/RTOSB/RTOS1.X/SanUSB48.h
                   __pa_6   0x002492    program     static /home/joaojr/joao.junior7cc@gmail.com/Faculdade/IFCE/S8/Sistemas Embarcados/Workspace/Prat01/RTOSB/RTOS1.X/SanUSB48.h
                   __pa_7   0x0024b2    program     static /home/joaojr/joao.junior7cc@gmail.com/Faculdade/IFCE/S8/Sistemas Embarcados/Workspace/Prat01/RTOSB/RTOS1.X/SanUSB48.h
                   __pa_8   0x0024c0    program     static /home/joaojr/joao.junior7cc@gmail.com/Faculdade/IFCE/S8/Sistemas Embarcados/Workspace/Prat01/RTOSB/RTOS1.X/SanUSB48.h
                   __pa_9   0x0024ce    program     static /home/joaojr/joao.junior7cc@gmail.com/Faculdade/IFCE/S8/Sistemas Embarcados/Workspace/Prat01/RTOSB/RTOS1.X/SanUSB48.h
                  __pa_10   0x0024da    program     static /home/joaojr/joao.junior7cc@gmail.com/Faculdade/IFCE/S8/Sistemas Embarcados/Workspace/Prat01/RTOSB/RTOS1.X/SanUSB48.h
                  __pa_11   0x0024e8    program     static /home/joaojr/joao.junior7cc@gmail.com/Faculdade/IFCE/S8/Sistemas Embarcados/Workspace/Prat01/RTOSB/RTOS1.X/Pratica1_RTOS_semaforo_display_JJR.c
                  __pa_12   0x0024f6    program     static /home/joaojr/joao.junior7cc@gmail.com/Faculdade/IFCE/S8/Sistemas Embarcados/Workspace/Prat01/RTOSB/RTOS1.X/SanUSB48.h
                  __pa_13   0x002506    program     static /home/joaojr/joao.junior7cc@gmail.com/Faculdade/IFCE/S8/Sistemas Embarcados/Workspace/Prat01/RTOSB/RTOS1.X/SanUSB48.h
                  __pa_14   0x002514    program     static /home/joaojr/joao.junior7cc@gmail.com/Faculdade/IFCE/S8/Sistemas Embarcados/Workspace/Prat01/RTOSB/RTOS1.X/SanUSB48.h
                  __pa_15   0x00251e    program     static /home/joaojr/joao.junior7cc@gmail.com/Faculdade/IFCE/S8/Sistemas Embarcados/Workspace/Prat01/RTOSB/RTOS1.X/SanUSB48.h
[...]
                    PORTC   0x000f82       data     extern C:\MCC18\v3_39\src\traditional\proc\p18F4550.asm
                PORTDbits   0x000f83       data     extern C:\MCC18\v3_39\src\traditional\proc\p18F4550.asm
                    PORTD   0x000f83       data     extern C:\MCC18\v3_39\src\traditional\proc\p18F4550.asm
                    PORTE   0x000f84       data     extern C:\MCC18\v3_39\src\traditional\proc\p18F4550.asm
                PORTEbits   0x000f84       data     extern C:\MCC18\v3_39\src\traditional\proc\p18F4550.asm
                     LATA   0x000f89       data     extern C:\MCC18\v3_39\src\traditional\proc\p18F4550.asm
                 LATAbits   0x000f89       data     extern C:\MCC18\v3_39\src\traditional\proc\p18F4550.asm
                 LATBbits   0x000f8a       data     extern C:\MCC18\v3_39\src\traditional\proc\p18F4550.asm
                     LATB   0x000f8a       data     extern C:\MCC18\v3_39\src\traditional\proc\p18F4550.asm
                 LATCbits   0x000f8b       data     extern C:\MCC18\v3_39\src\traditional\proc\p18F4550.asm
                     LATC   0x000f8b       data     extern C:\MCC18\v3_39\src\traditional\proc\p18F4550.asm
                     LATD   0x000f8c       data     extern C:\MCC18\v3_39\src\traditional\proc\p18F4550.asm
                 LATDbits   0x000f8c       data     extern C:\MCC18\v3_39\src\traditional\proc\p18F4550.asm
                     LATE   0x000f8d       data     extern C:\MCC18\v3_39\src\traditional\proc\p18F4550.asm
                 LATEbits   0x000f8d       data     extern C:\MCC18\v3_39\src\traditional\proc\p18F4550.asm
                TRISAbits   0x000f92       data     extern C:\MCC18\v3_39\src\traditional\proc\p18F4550.asm
                    TRISA   0x000f92       data     extern C:\MCC18\v3_39\src\traditional\proc\p18F4550.asm
                     DDRA   0x000f92       data     extern C:\MCC18\v3_39\src\traditional\proc\p18F4550.asm
                 DDRAbits   0x000f92       data     extern C:\MCC18\v3_39\src\traditional\proc\p18F4550.asm
                    TRISB   0x000f93       data     extern C:\MCC18\v3_39\src\traditional\proc\p18F4550.asm
                TRISBbits   0x000f93       data     extern C:\MCC18\v3_39\src\traditional\proc\p18F4550.asm
                     DDRB   0x000f93       data     extern C:\MCC18\v3_39\src\traditional\proc\p18F4550.asm
                 DDRBbits   0x000f93       data     extern C:\MCC18\v3_39\src\traditional\proc\p18F4550.asm
                    TRISC   0x000f94       data     extern C:\MCC18\v3_39\src\traditional\proc\p18F4550.asm
                     DDRC   0x000f94       data     extern C:\MCC18\v3_39\src\traditional\proc\p18F4550.asm
                TRISCbits   0x000f94       data     extern C:\MCC18\v3_39\src\traditional\proc\p18F4550.asm
                 DDRCbits   0x000f94       data     extern C:\MCC18\v3_39\src\traditional\proc\p18F4550.asm
                 DDRDbits   0x000f95       data     extern C:\MCC18\v3_39\src\traditional\proc\p18F4550.asm
                     DDRD   0x000f95       data     extern C:\MCC18\v3_39\src\traditional\proc\p18F4550.asm
                TRISDbits   0x000f95       data     extern C:\MCC18\v3_39\src\traditional\proc\p18F4550.asm
                    TRISD   0x000f95       data     extern C:\MCC18\v3_39\src\traditional\proc\p18F4550.asm
                TRISEbits   0x000f96       data     extern C:\MCC18\v3_39\src\traditional\proc\p18F4550.asm
                    TRISE   0x000f96       data     extern C:\MCC18\v3_39\src\traditional\proc\p18F4550.asm
                     DDRE   0x000f96       data     extern C:\MCC18\v3_39\src\traditional\proc\p18F4550.asm
                 DDREbits   0x000f96       data     extern C:\MCC18\v3_39\src\traditional\proc\p18F4550.asm
              OSCTUNEbits   0x000f9b       data     extern C:\MCC18\v3_39\src\traditional\proc\p18F4550.asm
                  OSCTUNE   0x000f9b       data     extern C:\MCC18\v3_39\src\traditional\proc\p18F4550.asm
                     PIE1   0x000f9d       data     extern C:\MCC18\v3_39\src\traditional\proc\p18F4550.asm
                 PIE1bits   0x000f9d       data     extern C:\MCC18\v3_39\src\traditional\proc\p18F4550.asm
                     PIR1   0x000f9e       data     extern C:\MCC18\v3_39\src\traditional\proc\p18F4550.asm
                 PIR1bits   0x000f9e       data     extern C:\MCC18\v3_39\src\traditional\proc\p18F4550.asm
                     IPR1   0x000f9f       data     extern C:\MCC18\v3_39\src\traditional\proc\p18F4550.asm
                 IPR1bits   0x000f9f       data     extern C:\MCC18\v3_39\src\traditional\proc\p18F4550.asm
                     PIE2   0x000fa0       data     extern C:\MCC18\v3_39\src\traditional\proc\p18F4550.asm
                 PIE2bits   0x000fa0       data     extern C:\MCC18\v3_39\src\traditional\proc\p18F4550.asm
                     PIR2   0x000fa1       data     extern C:\MCC18\v3_39\src\traditional\proc\p18F4550.asm
                 PIR2bits   0x000fa1       data     extern C:\MCC18\v3_39\src\traditional\proc\p18F4550.asm
                     IPR2   0x000fa2       data     extern C:\MCC18\v3_39\src\traditional\proc\p18F4550.asm
                 IPR2bits   0x000fa2       data     extern C:\MCC18\v3_39\src\traditional\proc\p18F4550.asm
               EECON1bits   0x000fa6       data     extern C:\MCC18\v3_39\src\traditional\proc\p18F4550.asm
                   EECON1   0x000fa6       data     extern C:\MCC18\v3_39\src\traditional\proc\p18F4550.asm
                   EECON2   0x000fa7       data     extern C:\MCC18\v3_39\src\traditional\proc\p18F4550.asm
                   EEDATA   0x000fa8       data     extern C:\MCC18\v3_39\src\traditional\proc\p18F4550.asm
                    EEADR   0x000fa9       data     extern C:\MCC18\v3_39\src\traditional\proc\p18F4550.asm
                    RCSTA   0x000fab       data     extern C:\MCC18\v3_39\src\traditional\proc\p18F4550.asm
                RCSTAbits   0x000fab       data     extern C:\MCC18\v3_39\src\traditional\proc\p18F4550.asm
                    TXSTA   0x000fac       data     extern C:\MCC18\v3_39\src\traditional\proc\p18F4550.asm
                TXSTAbits   0x000fac       data     extern C:\MCC18\v3_39\src\traditional\proc\p18F4550.asm
                    TXREG   0x000fad       data     extern C:\MCC18\v3_39\src\traditional\proc\p18F4550.asm
                    RCREG   0x000fae       data     extern C:\MCC18\v3_39\src\traditional\proc\p18F4550.asm
                    SPBRG   0x000faf       data     extern C:\MCC18\v3_39\src\traditional\proc\p18F4550.asm
                   SPBRGH   0x000fb0       data     extern C:\MCC18\v3_39\src\traditional\proc\p18F4550.asm
                T3CONbits   0x000fb1       data     extern C:\MCC18\v3_39\src\traditional\proc\p18F4550.asm
                    T3CON   0x000fb1       data     extern C:\MCC18\v3_39\src\traditional\proc\p18F4550.asm
                    TMR3L   0x000fb2       data     extern C:\MCC18\v3_39\src\traditional\proc\p18F4550.asm
                    TMR3H   0x000fb3       data     extern C:\MCC18\v3_39\src\traditional\proc\p18F4550.asm
                    CMCON   0x000fb4       data     extern C:\MCC18\v3_39\src\traditional\proc\p18F4550.asm
                CMCONbits   0x000fb4       data     extern C:\MCC18\v3_39\src\traditional\proc\p18F4550.asm
                   CVRCON   0x000fb5       data     extern C:\MCC18\v3_39\src\traditional\proc\p18F4550.asm
               CVRCONbits   0x000fb5       data     extern C:\MCC18\v3_39\src\traditional\proc\p18F4550.asm
               CCP1ASbits   0x000fb6       data     extern C:\MCC18\v3_39\src\traditional\proc\p18F4550.asm
                   CCP1AS   0x000fb6       data     extern C:\MCC18\v3_39\src\traditional\proc\p18F4550.asm
                  ECCP1AS   0x000fb6       data     extern C:\MCC18\v3_39\src\traditional\proc\p18F4550.asm
              ECCP1ASbits   0x000fb6       data     extern C:\MCC18\v3_39\src\traditional\proc\p18F4550.asm
                  CCP1DEL   0x000fb7       data     extern C:\MCC18\v3_39\src\traditional\proc\p18F4550.asm
             ECCP1DELbits   0x000fb7       data     extern C:\MCC18\v3_39\src\traditional\proc\p18F4550.asm
              CCP1DELbits   0x000fb7       data     extern C:\MCC18\v3_39\src\traditional\proc\p18F4550.asm
                 ECCP1DEL   0x000fb7       data     extern C:\MCC18\v3_39\src\traditional\proc\p18F4550.asm
              BAUDCTLbits   0x000fb8       data     extern C:\MCC18\v3_39\src\traditional\proc\p18F4550.asm
                  BAUDCTL   0x000fb8       data     extern C:\MCC18\v3_39\src\traditional\proc\p18F4550.asm
              BAUDCONbits   0x000fb8       data     extern C:\MCC18\v3_39\src\traditional\proc\p18F4550.asm
                  BAUDCON   0x000fb8       data     extern C:\MCC18\v3_39\src\traditional\proc\p18F4550.asm
                  CCP2CON   0x000fba       data     extern C:\MCC18\v3_39\src\traditional\proc\p18F4550.asm
              CCP2CONbits   0x000fba       data     extern C:\MCC18\v3_39\src\traditional\proc\p18F4550.asm
                    CCPR2   0x000fbb       data     extern C:\MCC18\v3_39\src\traditional\proc\p18F4550.asm
                   CCPR2L   0x000fbb       data     extern C:\MCC18\v3_39\src\traditional\proc\p18F4550.asm
                   CCPR2H   0x000fbc       data     extern C:\MCC18\v3_39\src\traditional\proc\p18F4550.asm
             ECCP1CONbits   0x000fbd       data     extern C:\MCC18\v3_39\src\traditional\proc\p18F4550.asm
                 ECCP1CON   0x000fbd       data     extern C:\MCC18\v3_39\src\traditional\proc\p18F4550.asm
              CCP1CONbits   0x000fbd       data     extern C:\MCC18\v3_39\src\traditional\proc\p18F4550.asm
                  CCP1CON   0x000fbd       data     extern C:\MCC18\v3_39\src\traditional\proc\p18F4550.asm
                    CCPR1   0x000fbe       data     extern C:\MCC18\v3_39\src\traditional\proc\p18F4550.asm
                   CCPR1L   0x000fbe       data     extern C:\MCC18\v3_39\src\traditional\proc\p18F4550.asm
                   CCPR1H   0x000fbf       data     extern C:\MCC18\v3_39\src\traditional\proc\p18F4550.asm
               ADCON2bits   0x000fc0       data     extern C:\MCC18\v3_39\src\traditional\proc\p18F4550.asm
                   ADCON2   0x000fc0       data     extern C:\MCC18\v3_39\src\traditional\proc\p18F4550.asm
               ADCON1bits   0x000fc1       data     extern C:\MCC18\v3_39\src\traditional\proc\p18F4550.asm
                   ADCON1   0x000fc1       data     extern C:\MCC18\v3_39\src\traditional\proc\p18F4550.asm
                   ADCON0   0x000fc2       data     extern C:\MCC18\v3_39\src\traditional\proc\p18F4550.asm
               ADCON0bits   0x000fc2       data     extern C:\MCC18\v3_39\src\traditional\proc\p18F4550.asm
                    ADRES   0x000fc3       data     extern C:\MCC18\v3_39\src\traditional\proc\p18F4550.asm
                   ADRESL   0x000fc3       data     extern C:\MCC18\v3_39\src\traditional\proc\p18F4550.asm
                   ADRESH   0x000fc4       data     extern C:\MCC18\v3_39\src\traditional\proc\p18F4550.asm
                  SSPCON2   0x000fc5       data     extern C:\MCC18\v3_39\src\traditional\proc\p18F4550.asm
              SSPCON2bits   0x000fc5       data     extern C:\MCC18\v3_39\src\traditional\proc\p18F4550.asm
                  SSPCON1   0x000fc6       data     extern C:\MCC18\v3_39\src\traditional\proc\p18F4550.asm
              SSPCON1bits   0x000fc6       data     extern C:\MCC18\v3_39\src\traditional\proc\p18F4550.asm
                  SSPSTAT   0x000fc7       data     extern C:\MCC18\v3_39\src\traditional\proc\p18F4550.asm
              SSPSTATbits   0x000fc7       data     extern C:\MCC18\v3_39\src\traditional\proc\p18F4550.asm
                   SSPADD   0x000fc8       data     extern C:\MCC18\v3_39\src\traditional\proc\p18F4550.asm
                   SSPBUF   0x000fc9       data     extern C:\MCC18\v3_39\src\traditional\proc\p18F4550.asm
                T2CONbits   0x000fca       data     extern C:\MCC18\v3_39\src\traditional\proc\p18F4550.asm
                    T2CON   0x000fca       data     extern C:\MCC18\v3_39\src\traditional\proc\p18F4550.asm
                      PR2   0x000fcb       data     extern C:\MCC18\v3_39\src\traditional\proc\p18F4550.asm
                     TMR2   0x000fcc       data     extern C:\MCC18\v3_39\src\traditional\proc\p18F4550.asm
                T1CONbits   0x000fcd       data     extern C:\MCC18\v3_39\src\traditional\proc\p18F4550.asm
                    T1CON   0x000fcd       data     extern C:\MCC18\v3_39\src\traditional\proc\p18F4550.asm
                    TMR1L   0x000fce       data     extern C:\MCC18\v3_39\src\traditional\proc\p18F4550.asm
                    TMR1H   0x000fcf       data     extern C:\MCC18\v3_39\src\traditional\proc\p18F4550.asm
                     RCON   0x000fd0       data     extern C:\MCC18\v3_39\src\traditional\proc\p18F4550.asm
                 RCONbits   0x000fd0       data     extern C:\MCC18\v3_39\src\traditional\proc\p18F4550.asm
               WDTCONbits   0x000fd1       data     extern C:\MCC18\v3_39\src\traditional\proc\p18F4550.asm
                   WDTCON   0x000fd1       data     extern C:\MCC18\v3_39\src\traditional\proc\p18F4550.asm
               LVDCONbits   0x000fd2       data     extern C:\MCC18\v3_39\src\traditional\proc\p18F4550.asm
                   LVDCON   0x000fd2       data     extern C:\MCC18\v3_39\src\traditional\proc\p18F4550.asm
              HLVDCONbits   0x000fd2       data     extern C:\MCC18\v3_39\src\traditional\proc\p18F4550.asm
                  HLVDCON   0x000fd2       data     extern C:\MCC18\v3_39\src\traditional\proc\p18F4550.asm
               OSCCONbits   0x000fd3       data     extern C:\MCC18\v3_39\src\traditional\proc\p18F4550.asm
                   OSCCON   0x000fd3       data     extern C:\MCC18\v3_39\src\traditional\proc\p18F4550.asm
                T0CONbits   0x000fd5       data     extern C:\MCC18\v3_39\src\traditional\proc\p18F4550.asm
                    T0CON   0x000fd5       data     extern C:\MCC18\v3_39\src\traditional\proc\p18F4550.asm
                    TMR0L   0x000fd6       data     extern C:\MCC18\v3_39\src\traditional\proc\p18F4550.asm
                    TMR0H   0x000fd7       data     extern C:\MCC18\v3_39\src\traditional\proc\p18F4550.asm
               STATUSbits   0x000fd8       data     extern C:\MCC18\v3_39\src\traditional\proc\p18F4550.asm
                   STATUS   0x000fd8       data     extern C:\MCC18\v3_39\src\traditional\proc\p18F4550.asm
                    FSR2L   0x000fd9       data     extern C:\MCC18\v3_39\src\traditional\proc\p18F4550.asm
                     FSR2   0x000fd9       data     extern C:\MCC18\v3_39\src\traditional\proc\p18F4550.asm
                    FSR2H   0x000fda       data     extern C:\MCC18\v3_39\src\traditional\proc\p18F4550.asm
                   PLUSW2   0x000fdb       data     extern C:\MCC18\v3_39\src\traditional\proc\p18F4550.asm
                  PREINC2   0x000fdc       data     extern C:\MCC18\v3_39\src\traditional\proc\p18F4550.asm
                 POSTDEC2   0x000fdd       data     extern C:\MCC18\v3_39\src\traditional\proc\p18F4550.asm
                 POSTINC2   0x000fde       data     extern C:\MCC18\v3_39\src\traditional\proc\p18F4550.asm
                    INDF2   0x000fdf       data     extern C:\MCC18\v3_39\src\traditional\proc\p18F4550.asm
                      BSR   0x000fe0       data     extern C:\MCC18\v3_39\src\traditional\proc\p18F4550.asm
                    FSR1L   0x000fe1       data     extern C:\MCC18\v3_39\src\traditional\proc\p18F4550.asm
                     FSR1   0x000fe1       data     extern C:\MCC18\v3_39\src\traditional\proc\p18F4550.asm
                    FSR1H   0x000fe2       data     extern C:\MCC18\v3_39\src\traditional\proc\p18F4550.asm
                   PLUSW1   0x000fe3       data     extern C:\MCC18\v3_39\src\traditional\proc\p18F4550.asm
                  PREINC1   0x000fe4       data     extern C:\MCC18\v3_39\src\traditional\proc\p18F4550.asm
                 POSTDEC1   0x000fe5       data     extern C:\MCC18\v3_39\src\traditional\proc\p18F4550.asm
                 POSTINC1   0x000fe6       data     extern C:\MCC18\v3_39\src\traditional\proc\p18F4550.asm
                    INDF1   0x000fe7       data     extern C:\MCC18\v3_39\src\traditional\proc\p18F4550.asm
                     WREG   0x000fe8       data     extern C:\MCC18\v3_39\src\traditional\proc\p18F4550.asm
                     FSR0   0x000fe9       data     extern C:\MCC18\v3_39\src\traditional\proc\p18F4550.asm
                    FSR0L   0x000fe9       data     extern C:\MCC18\v3_39\src\traditional\proc\p18F4550.asm
                    FSR0H   0x000fea       data     extern C:\MCC18\v3_39\src\traditional\proc\p18F4550.asm
                   PLUSW0   0x000feb       data     extern C:\MCC18\v3_39\src\traditional\proc\p18F4550.asm
                  PREINC0   0x000fec       data     extern C:\MCC18\v3_39\src\traditional\proc\p18F4550.asm
                 POSTDEC0   0x000fed       data     extern C:\MCC18\v3_39\src\traditional\proc\p18F4550.asm
                 POSTINC0   0x000fee       data     extern C:\MCC18\v3_39\src\traditional\proc\p18F4550.asm
                    INDF0   0x000fef       data     extern C:\MCC18\v3_39\src\traditional\proc\p18F4550.asm
              INTCON3bits   0x000ff0       data     extern C:\MCC18\v3_39\src\traditional\proc\p18F4550.asm
                  INTCON3   0x000ff0       data     extern C:\MCC18\v3_39\src\traditional\proc\p18F4550.asm
              INTCON2bits   0x000ff1       data     extern C:\MCC18\v3_39\src\traditional\proc\p18F4550.asm
                  INTCON2   0x000ff1       data     extern C:\MCC18\v3_39\src\traditional\proc\p18F4550.asm
               INTCONbits   0x000ff2       data     extern C:\MCC18\v3_39\src\traditional\proc\p18F4550.asm
                   INTCON   0x000ff2       data     extern C:\MCC18\v3_39\src\traditional\proc\p18F4550.asm
                     PROD   0x000ff3       data     extern C:\MCC18\v3_39\src\traditional\proc\p18F4550.asm
                    PRODL   0x000ff3       data     extern C:\MCC18\v3_39\src\traditional\proc\p18F4550.asm
                    PRODH   0x000ff4       data     extern C:\MCC18\v3_39\src\traditional\proc\p18F4550.asm
                   TABLAT   0x000ff5       data     extern C:\MCC18\v3_39\src\traditional\proc\p18F4550.asm
                   TBLPTR   0x000ff6       data     extern C:\MCC18\v3_39\src\traditional\proc\p18F4550.asm
                  TBLPTRL   0x000ff6       data     extern C:\MCC18\v3_39\src\traditional\proc\p18F4550.asm
                  TBLPTRH   0x000ff7       data     extern C:\MCC18\v3_39\src\traditional\proc\p18F4550.asm
                  TBLPTRU   0x000ff8       data     extern C:\MCC18\v3_39\src\traditional\proc\p18F4550.asm
                      PCL   0x000ff9       data     extern C:\MCC18\v3_39\src\traditional\proc\p18F4550.asm
                       PC   0x000ff9       data     extern C:\MCC18\v3_39\src\traditional\proc\p18F4550.asm
                   PCLATH   0x000ffa       data     extern C:\MCC18\v3_39\src\traditional\proc\p18F4550.asm
                   PCLATU   0x000ffb       data     extern C:\MCC18\v3_39\src\traditional\proc\p18F4550.asm
                   STKPTR   0x000ffc       data     extern C:\MCC18\v3_39\src\traditional\proc\p18F4550.asm
               STKPTRbits   0x000ffc       data     extern C:\MCC18\v3_39\src\traditional\proc\p18F4550.asm
                      TOS   0x000ffd       data     extern C:\MCC18\v3_39\src\traditional\proc\p18F4550.asm
                     TOSL   0x000ffd       data     extern C:\MCC18\v3_39\src\traditional\proc\p18F4550.asm
                     TOSH   0x000ffe       data     extern C:\MCC18\v3_39\src\traditional\proc\p18F4550.asm
                     TOSU   0x000fff       data     extern C:\MCC18\v3_39\src\traditional\proc\p18F4550.asm


